###############################################################################
#
# IAR ELF Linker V8.32.1.169/W32 for ARM                  06/Jan/2019  17:30:19
# Copyright 2007-2018 IAR Systems AB.
#
#    Output file  =  
#        C:\Users\lette\STM32Cube\Repository\stm32cube_fw_f4_v1230reserve\STM32Cube_FW_F4_V1.23.0\Projects\STM32F429I-Discovery\Examples\UART\UART_TwoBoards_ComDMA\EWARM\STM32F429I-Discovery\Exe\Project.out
#    Map file     =  
#        C:\Users\lette\STM32Cube\Repository\stm32cube_fw_f4_v1230reserve\STM32Cube_FW_F4_V1.23.0\Projects\STM32F429I-Discovery\Examples\UART\UART_TwoBoards_ComDMA\EWARM\STM32F429I-Discovery\List\Project.map
#    Command line =  
#        -f C:\Users\lette\AppData\Local\Temp\EW9C58.tmp
#        (C:\Users\lette\STM32Cube\Repository\stm32cube_fw_f4_v1230reserve\STM32Cube_FW_F4_V1.23.0\Projects\STM32F429I-Discovery\Examples\UART\UART_TwoBoards_ComDMA\EWARM\STM32F429I-Discovery\Obj\main.o
#        C:\Users\lette\STM32Cube\Repository\stm32cube_fw_f4_v1230reserve\STM32Cube_FW_F4_V1.23.0\Projects\STM32F429I-Discovery\Examples\UART\UART_TwoBoards_ComDMA\EWARM\STM32F429I-Discovery\Obj\startup_stm32f429xx.o
#        C:\Users\lette\STM32Cube\Repository\stm32cube_fw_f4_v1230reserve\STM32Cube_FW_F4_V1.23.0\Projects\STM32F429I-Discovery\Examples\UART\UART_TwoBoards_ComDMA\EWARM\STM32F429I-Discovery\Obj\stm32f429i_discovery.o
#        C:\Users\lette\STM32Cube\Repository\stm32cube_fw_f4_v1230reserve\STM32Cube_FW_F4_V1.23.0\Projects\STM32F429I-Discovery\Examples\UART\UART_TwoBoards_ComDMA\EWARM\STM32F429I-Discovery\Obj\stm32f4xx_hal.o
#        C:\Users\lette\STM32Cube\Repository\stm32cube_fw_f4_v1230reserve\STM32Cube_FW_F4_V1.23.0\Projects\STM32F429I-Discovery\Examples\UART\UART_TwoBoards_ComDMA\EWARM\STM32F429I-Discovery\Obj\stm32f4xx_hal_cortex.o
#        C:\Users\lette\STM32Cube\Repository\stm32cube_fw_f4_v1230reserve\STM32Cube_FW_F4_V1.23.0\Projects\STM32F429I-Discovery\Examples\UART\UART_TwoBoards_ComDMA\EWARM\STM32F429I-Discovery\Obj\stm32f4xx_hal_dma.o
#        C:\Users\lette\STM32Cube\Repository\stm32cube_fw_f4_v1230reserve\STM32Cube_FW_F4_V1.23.0\Projects\STM32F429I-Discovery\Examples\UART\UART_TwoBoards_ComDMA\EWARM\STM32F429I-Discovery\Obj\stm32f4xx_hal_flash.o
#        C:\Users\lette\STM32Cube\Repository\stm32cube_fw_f4_v1230reserve\STM32Cube_FW_F4_V1.23.0\Projects\STM32F429I-Discovery\Examples\UART\UART_TwoBoards_ComDMA\EWARM\STM32F429I-Discovery\Obj\stm32f4xx_hal_flash_ex.o
#        C:\Users\lette\STM32Cube\Repository\stm32cube_fw_f4_v1230reserve\STM32Cube_FW_F4_V1.23.0\Projects\STM32F429I-Discovery\Examples\UART\UART_TwoBoards_ComDMA\EWARM\STM32F429I-Discovery\Obj\stm32f4xx_hal_gpio.o
#        C:\Users\lette\STM32Cube\Repository\stm32cube_fw_f4_v1230reserve\STM32Cube_FW_F4_V1.23.0\Projects\STM32F429I-Discovery\Examples\UART\UART_TwoBoards_ComDMA\EWARM\STM32F429I-Discovery\Obj\stm32f4xx_hal_i2c.o
#        C:\Users\lette\STM32Cube\Repository\stm32cube_fw_f4_v1230reserve\STM32Cube_FW_F4_V1.23.0\Projects\STM32F429I-Discovery\Examples\UART\UART_TwoBoards_ComDMA\EWARM\STM32F429I-Discovery\Obj\stm32f4xx_hal_i2c_ex.o
#        C:\Users\lette\STM32Cube\Repository\stm32cube_fw_f4_v1230reserve\STM32Cube_FW_F4_V1.23.0\Projects\STM32F429I-Discovery\Examples\UART\UART_TwoBoards_ComDMA\EWARM\STM32F429I-Discovery\Obj\stm32f4xx_hal_msp.o
#        C:\Users\lette\STM32Cube\Repository\stm32cube_fw_f4_v1230reserve\STM32Cube_FW_F4_V1.23.0\Projects\STM32F429I-Discovery\Examples\UART\UART_TwoBoards_ComDMA\EWARM\STM32F429I-Discovery\Obj\stm32f4xx_hal_pwr.o
#        C:\Users\lette\STM32Cube\Repository\stm32cube_fw_f4_v1230reserve\STM32Cube_FW_F4_V1.23.0\Projects\STM32F429I-Discovery\Examples\UART\UART_TwoBoards_ComDMA\EWARM\STM32F429I-Discovery\Obj\stm32f4xx_hal_pwr_ex.o
#        C:\Users\lette\STM32Cube\Repository\stm32cube_fw_f4_v1230reserve\STM32Cube_FW_F4_V1.23.0\Projects\STM32F429I-Discovery\Examples\UART\UART_TwoBoards_ComDMA\EWARM\STM32F429I-Discovery\Obj\stm32f4xx_hal_rcc.o
#        C:\Users\lette\STM32Cube\Repository\stm32cube_fw_f4_v1230reserve\STM32Cube_FW_F4_V1.23.0\Projects\STM32F429I-Discovery\Examples\UART\UART_TwoBoards_ComDMA\EWARM\STM32F429I-Discovery\Obj\stm32f4xx_hal_rcc_ex.o
#        C:\Users\lette\STM32Cube\Repository\stm32cube_fw_f4_v1230reserve\STM32Cube_FW_F4_V1.23.0\Projects\STM32F429I-Discovery\Examples\UART\UART_TwoBoards_ComDMA\EWARM\STM32F429I-Discovery\Obj\stm32f4xx_hal_spi.o
#        C:\Users\lette\STM32Cube\Repository\stm32cube_fw_f4_v1230reserve\STM32Cube_FW_F4_V1.23.0\Projects\STM32F429I-Discovery\Examples\UART\UART_TwoBoards_ComDMA\EWARM\STM32F429I-Discovery\Obj\stm32f4xx_hal_uart.o
#        C:\Users\lette\STM32Cube\Repository\stm32cube_fw_f4_v1230reserve\STM32Cube_FW_F4_V1.23.0\Projects\STM32F429I-Discovery\Examples\UART\UART_TwoBoards_ComDMA\EWARM\STM32F429I-Discovery\Obj\stm32f4xx_it.o
#        C:\Users\lette\STM32Cube\Repository\stm32cube_fw_f4_v1230reserve\STM32Cube_FW_F4_V1.23.0\Projects\STM32F429I-Discovery\Examples\UART\UART_TwoBoards_ComDMA\EWARM\STM32F429I-Discovery\Obj\system_stm32f4xx.o
#        --redirect _Printf=_PrintfSmall --redirect _Scanf=_ScanfSmall
#        --no_out_extension -o
#        C:\Users\lette\STM32Cube\Repository\stm32cube_fw_f4_v1230reserve\STM32Cube_FW_F4_V1.23.0\Projects\STM32F429I-Discovery\Examples\UART\UART_TwoBoards_ComDMA\EWARM\STM32F429I-Discovery\Exe\Project.out
#        --map
#        C:\Users\lette\STM32Cube\Repository\stm32cube_fw_f4_v1230reserve\STM32Cube_FW_F4_V1.23.0\Projects\STM32F429I-Discovery\Examples\UART\UART_TwoBoards_ComDMA\EWARM\STM32F429I-Discovery\List\Project.map
#        --config
#        C:\Users\lette\STM32Cube\Repository\stm32cube_fw_f4_v1230reserve\STM32Cube_FW_F4_V1.23.0\Projects\STM32F429I-Discovery\Examples\UART\UART_TwoBoards_ComDMA\EWARM\stm32f429xx_flash.icf
#        --semihosting --entry __iar_program_start --vfe --text_out locale)
#
###############################################################################

*******************************************************************************
*** RUNTIME MODEL ATTRIBUTES
***

CppFlavor       = *
__SystemLibrary = DLib
__dlib_version  = 6


*******************************************************************************
*** HEAP SELECTION
***

The basic heap was selected because no calls to memory allocation
functions were found in the application outside of system library
functions, and there are calls to deallocation functions in the
application.


*******************************************************************************
*** PLACEMENT SUMMARY
***

"A0":  place at 0x800'0000 { ro section .intvec };
"P1":  place in [from 0x800'0000 to 0x81f'ffff] { ro };
define block CSTACK with size = 1K, alignment = 8 { };
define block HEAP with size = 512, alignment = 8 { };
"P2":  place in [from 0x2000'0000 to 0x2002'ffff] {
          rw, block CSTACK, block HEAP };
initialize by copy { rw };

  Section            Kind         Address    Size  Object
  -------            ----         -------    ----  ------
"A0":                                       0x1ac
  .intvec            ro code   0x800'0000   0x1ac  startup_stm32f429xx.o [1]
                             - 0x800'01ac   0x1ac

"P1":                                      0x1b0d
  .text              ro code   0x800'01ac   0x5e4  stm32f4xx_hal_uart.o [1]
  .text              ro code   0x800'0790   0x158  stm32f4xx_hal_msp.o [1]
  .text              ro code   0x800'08e8   0x380  stm32f4xx_hal_dma.o [1]
  .text              ro code   0x800'0c68   0x17c  main.o [1]
  .text              ro code   0x800'0de4     0x2  stm32f4xx_hal_uart.o [1]
  .text              ro code   0x800'0de6     0x2  stm32f4xx_hal_uart.o [1]
  .text              ro code   0x800'0de8   0x1a8  stm32f4xx_hal_rcc.o [1]
  .text              ro code   0x800'0f90   0x208  stm32f4xx_hal_gpio.o [1]
  .text              ro code   0x800'1198    0xc4  stm32f4xx_hal_cortex.o [1]
  .text              ro code   0x800'125c     0xc  stm32f4xx_hal.o [1]
  .text              ro code   0x800'1268    0x36  stm32f4xx_hal.o [1]
  .text              ro code   0x800'129e    0x7a  lz77_init_single.o [4]
  .text              ro code   0x800'1318   0x15d  stm32f429i_discovery.o [1]
  .text              ro code   0x800'1476    0x3a  zero_init3.o [4]
  .text              ro code   0x800'14b0   0x2f8  stm32f4xx_hal_rcc.o [1]
  .text              ro code   0x800'17a8    0x78  stm32f4xx_hal_pwr_ex.o [1]
  .text              ro code   0x800'1820    0x28  stm32f4xx_hal.o [1]
  .text              ro code   0x800'1848    0x40  stm32f4xx_hal.o [1]
  .text              ro code   0x800'1888   0x106  I64DivMod_small.o [4]
  .text              ro code   0x800'1990     0x2  I64DivZer.o [4]
  .text              ro code   0x800'1994    0x60  system_stm32f4xx.o [1]
  .text              ro code   0x800'19f4    0x30  stm32f4xx_it.o [1]
  .text              ro code   0x800'1a24    0x10  stm32f4xx_hal.o [1]
  .text              ro code   0x800'1a34    0x28  data_init.o [4]
  .text              ro code   0x800'1a5c    0x22  fpinit_M.o [3]
  .iar.init_table    const     0x800'1a80    0x20  - Linker created -
  .text              ro code   0x800'1aa0    0x1e  cmain.o [4]
  .text              ro code   0x800'1abe     0x4  low_level_init.o [2]
  .text              ro code   0x800'1ac2     0x4  exit.o [2]
  .text              ro code   0x800'1ac8     0xa  cexit.o [4]
  .text              ro code   0x800'1ad4    0x14  exit.o [5]
  .text              ro code   0x800'1ae8    0x10  startup_stm32f429xx.o [1]
  .text              ro code   0x800'1af8     0xc  cstartup_M.o [4]
  .rodata            const     0x800'1b04     0x8  system_stm32f4xx.o [1]
  .text              ro code   0x800'1b0c     0x4  startup_stm32f429xx.o [1]
  .text              ro code   0x800'1b10     0x4  startup_stm32f429xx.o [1]
  .text              ro code   0x800'1b14     0x4  startup_stm32f429xx.o [1]
  .text              ro code   0x800'1b18     0x4  startup_stm32f429xx.o [1]
  .text              ro code   0x800'1b1c     0x4  startup_stm32f429xx.o [1]
  .text              ro code   0x800'1b20     0x4  startup_stm32f429xx.o [1]
  .text              ro code   0x800'1b24     0x4  startup_stm32f429xx.o [1]
  .text              ro code   0x800'1b28     0x4  startup_stm32f429xx.o [1]
  .text              ro code   0x800'1b2c     0x4  startup_stm32f429xx.o [1]
  .text              ro code   0x800'1b30     0x4  startup_stm32f429xx.o [1]
  .text              ro code   0x800'1b34     0x4  startup_stm32f429xx.o [1]
  .text              ro code   0x800'1b38     0x4  startup_stm32f429xx.o [1]
  .text              ro code   0x800'1b3c     0x4  startup_stm32f429xx.o [1]
  .text              ro code   0x800'1b40     0x4  startup_stm32f429xx.o [1]
  .text              ro code   0x800'1b44     0x4  startup_stm32f429xx.o [1]
  .text              ro code   0x800'1b48     0x4  startup_stm32f429xx.o [1]
  .text              ro code   0x800'1b4c     0x4  startup_stm32f429xx.o [1]
  .text              ro code   0x800'1b50     0x4  startup_stm32f429xx.o [1]
  .text              ro code   0x800'1b54     0x4  startup_stm32f429xx.o [1]
  .text              ro code   0x800'1b58     0x4  startup_stm32f429xx.o [1]
  .text              ro code   0x800'1b5c     0x4  startup_stm32f429xx.o [1]
  .text              ro code   0x800'1b60     0x4  startup_stm32f429xx.o [1]
  .text              ro code   0x800'1b64     0x4  startup_stm32f429xx.o [1]
  .text              ro code   0x800'1b68     0x4  startup_stm32f429xx.o [1]
  .text              ro code   0x800'1b6c     0x4  startup_stm32f429xx.o [1]
  .text              ro code   0x800'1b70     0x4  startup_stm32f429xx.o [1]
  .text              ro code   0x800'1b74     0x4  startup_stm32f429xx.o [1]
  .text              ro code   0x800'1b78     0x4  startup_stm32f429xx.o [1]
  .text              ro code   0x800'1b7c     0x4  startup_stm32f429xx.o [1]
  .text              ro code   0x800'1b80     0x4  startup_stm32f429xx.o [1]
  .text              ro code   0x800'1b84     0x4  startup_stm32f429xx.o [1]
  .text              ro code   0x800'1b88     0x4  startup_stm32f429xx.o [1]
  .text              ro code   0x800'1b8c     0x4  startup_stm32f429xx.o [1]
  .text              ro code   0x800'1b90     0x4  startup_stm32f429xx.o [1]
  .text              ro code   0x800'1b94     0x4  startup_stm32f429xx.o [1]
  .text              ro code   0x800'1b98     0x4  startup_stm32f429xx.o [1]
  .text              ro code   0x800'1b9c     0x4  startup_stm32f429xx.o [1]
  .text              ro code   0x800'1ba0     0x4  startup_stm32f429xx.o [1]
  .text              ro code   0x800'1ba4     0x4  startup_stm32f429xx.o [1]
  .text              ro code   0x800'1ba8     0x4  startup_stm32f429xx.o [1]
  .text              ro code   0x800'1bac     0x4  startup_stm32f429xx.o [1]
  .text              ro code   0x800'1bb0     0x4  startup_stm32f429xx.o [1]
  .text              ro code   0x800'1bb4     0x4  startup_stm32f429xx.o [1]
  .text              ro code   0x800'1bb8     0x4  startup_stm32f429xx.o [1]
  .text              ro code   0x800'1bbc     0x4  startup_stm32f429xx.o [1]
  .text              ro code   0x800'1bc0     0x4  startup_stm32f429xx.o [1]
  .text              ro code   0x800'1bc4     0x4  startup_stm32f429xx.o [1]
  .text              ro code   0x800'1bc8     0x4  startup_stm32f429xx.o [1]
  .text              ro code   0x800'1bcc     0x4  startup_stm32f429xx.o [1]
  .text              ro code   0x800'1bd0     0x4  startup_stm32f429xx.o [1]
  .text              ro code   0x800'1bd4     0x4  startup_stm32f429xx.o [1]
  .text              ro code   0x800'1bd8     0x4  startup_stm32f429xx.o [1]
  .text              ro code   0x800'1bdc     0x4  startup_stm32f429xx.o [1]
  .text              ro code   0x800'1be0     0x4  startup_stm32f429xx.o [1]
  .text              ro code   0x800'1be4     0x4  startup_stm32f429xx.o [1]
  .text              ro code   0x800'1be8     0x4  startup_stm32f429xx.o [1]
  .text              ro code   0x800'1bec     0x4  startup_stm32f429xx.o [1]
  .text              ro code   0x800'1bf0     0x4  startup_stm32f429xx.o [1]
  .text              ro code   0x800'1bf4     0x4  startup_stm32f429xx.o [1]
  .text              ro code   0x800'1bf8     0x4  startup_stm32f429xx.o [1]
  .text              ro code   0x800'1bfc     0x4  startup_stm32f429xx.o [1]
  .text              ro code   0x800'1c00     0x4  startup_stm32f429xx.o [1]
  .text              ro code   0x800'1c04     0x4  startup_stm32f429xx.o [1]
  .text              ro code   0x800'1c08     0x4  startup_stm32f429xx.o [1]
  .text              ro code   0x800'1c0c     0x4  startup_stm32f429xx.o [1]
  .text              ro code   0x800'1c10     0x4  startup_stm32f429xx.o [1]
  .text              ro code   0x800'1c14     0x4  startup_stm32f429xx.o [1]
  .text              ro code   0x800'1c18     0x4  startup_stm32f429xx.o [1]
  .text              ro code   0x800'1c1c     0x4  startup_stm32f429xx.o [1]
  .text              ro code   0x800'1c20     0x4  startup_stm32f429xx.o [1]
  .text              ro code   0x800'1c24     0x4  startup_stm32f429xx.o [1]
  .text              ro code   0x800'1c28     0x4  startup_stm32f429xx.o [1]
  .text              ro code   0x800'1c2c     0x4  startup_stm32f429xx.o [1]
  .text              ro code   0x800'1c30     0x4  startup_stm32f429xx.o [1]
  .text              ro code   0x800'1c34     0x4  startup_stm32f429xx.o [1]
  .text              ro code   0x800'1c38     0x4  startup_stm32f429xx.o [1]
  .text              ro code   0x800'1c3c     0x4  startup_stm32f429xx.o [1]
  .text              ro code   0x800'1c40     0x4  startup_stm32f429xx.o [1]
  .text              ro code   0x800'1c44     0x4  startup_stm32f429xx.o [1]
  .text              ro code   0x800'1c48     0x4  startup_stm32f429xx.o [1]
  .text              ro code   0x800'1c4c     0x4  startup_stm32f429xx.o [1]
  .text              ro code   0x800'1c50     0x4  startup_stm32f429xx.o [1]
  .text              ro code   0x800'1c54     0x4  startup_stm32f429xx.o [1]
  .text              ro code   0x800'1c58     0x4  startup_stm32f429xx.o [1]
  .text              ro code   0x800'1c5c     0x4  startup_stm32f429xx.o [1]
  .text              ro code   0x800'1c60     0x4  startup_stm32f429xx.o [1]
  .text              ro code   0x800'1c64     0x4  startup_stm32f429xx.o [1]
  .rodata            const     0x800'1c68     0x0  zero_init3.o [4]
  .rodata            const     0x800'1c68     0x0  lz77_init_single.o [4]
  Initializer bytes  const     0x800'1c68    0x51  <for P2-1>
                             - 0x800'1cb9  0x1b0d

"P2", part 1 of 3:                          0x198
  P2-1                        0x2000'0000   0x198  <Init block>
    .data            inited   0x2000'0000   0x17c  main.o [1]
    .data            inited   0x2000'017c     0x8  stm32f429i_discovery.o [1]
    .data            inited   0x2000'0184     0x4  stm32f429i_discovery.o [1]
    .data            inited   0x2000'0188     0xc  stm32f4xx_hal.o [1]
    .data            inited   0x2000'0194     0x4  system_stm32f4xx.o [1]
                            - 0x2000'0198   0x198

"P2", part 2 of 3:                           0xc0
  .bss               zero     0x2000'0198    0xc0  stm32f4xx_hal_msp.o [1]
                            - 0x2000'0258    0xc0

"P2", part 3 of 3:                          0x400
  CSTACK                      0x2000'0258   0x400  <Block>
    CSTACK           uninit   0x2000'0258   0x400  <Block tail>
                            - 0x2000'0658   0x400

Unused ranges:

         From           To       Size
         ----           --       ----
   0x800'1cb9   0x81f'ffff  0x1f'e347
  0x2000'0658  0x2002'ffff   0x2'f9a8


*******************************************************************************
*** INIT TABLE
***

          Address      Size
          -------      ----
Zero (__iar_zero_init3)
    1 destination range, total size 0xc0:
          0x2000'0198   0xc0

Copy/lz77 (__iar_lz77_init_single3)
    1 source range, total size 0x51 (19% of destination):
           0x800'1c68   0x51
    1 destination range, total size 0x198:
          0x2000'0000  0x198



*******************************************************************************
*** MODULE SUMMARY
***

    Module                  ro code  ro data  rw data
    ------                  -------  -------  -------
command line/config:
    -------------------------------------------------
    Total:

C:\Users\lette\STM32Cube\Repository\stm32cube_fw_f4_v1230reserve\STM32Cube_FW_F4_V1.23.0\Projects\STM32F429I-Discovery\Examples\UART\UART_TwoBoards_ComDMA\EWARM\STM32F429I-Discovery\Obj: [1]
    main.o                      380       75      380
    startup_stm32f429xx.o       792
    stm32f429i_discovery.o      349        2       12
    stm32f4xx_hal.o             186        3       12
    stm32f4xx_hal_cortex.o      196
    stm32f4xx_hal_dma.o         896
    stm32f4xx_hal_gpio.o        520
    stm32f4xx_hal_msp.o         344               192
    stm32f4xx_hal_pwr_ex.o      120
    stm32f4xx_hal_rcc.o       1 184
    stm32f4xx_hal_uart.o      1 512
    stm32f4xx_it.o               48
    system_stm32f4xx.o           96        9        4
    -------------------------------------------------
    Total:                    6 623       89      600

dl7M_tlf.a: [2]
    exit.o                        4
    low_level_init.o              4
    -------------------------------------------------
    Total:                        8

m7M_tls.a: [3]
    fpinit_M.o                   34
    -------------------------------------------------
    Total:                       34

rt7M_tl.a: [4]
    I64DivMod_small.o           262
    I64DivZer.o                   2
    cexit.o                      10
    cmain.o                      30
    cstartup_M.o                 12
    data_init.o                  40
    lz77_init_single.o          122
    zero_init3.o                 58
    -------------------------------------------------
    Total:                      536

shb_l.a: [5]
    exit.o                       20
    -------------------------------------------------
    Total:                       20

    Gaps                          9        2
    Linker created                        32    1 024
-----------------------------------------------------
    Grand Total:              7 230      123    1 624


*******************************************************************************
*** ENTRY LIST
***

Entry                       Address   Size  Type      Object
-----                       -------   ----  ----      ------
.iar.init_table$$Base    0x800'1a80          --   Gb  - Linker created -
.iar.init_table$$Limit   0x800'1aa0          --   Gb  - Linker created -
?main                    0x800'1aa1         Code  Gb  cmain.o [4]
AHBPrescTable            0x800'19e4   0x10  Data  Gb  system_stm32f4xx.o [1]
APBPrescTable            0x800'1b04    0x8  Data  Gb  system_stm32f4xx.o [1]
BSP_LED_Init             0x800'1319   0x68  Code  Gb  stm32f429i_discovery.o [1]
BSP_LED_Off              0x800'1391   0x10  Code  Gb  stm32f429i_discovery.o [1]
BSP_LED_On               0x800'1381   0x10  Code  Gb  stm32f429i_discovery.o [1]
BSP_LED_Toggle           0x800'13b3   0x14  Code  Gb  stm32f429i_discovery.o [1]
BSP_PB_GetState          0x800'1447   0x14  Code  Gb  stm32f429i_discovery.o [1]
BSP_PB_Init              0x800'13c7   0x76  Code  Gb  stm32f429i_discovery.o [1]
BUTTON_IRQn              0x800'1474    0x1  Data  Gb  stm32f429i_discovery.o [1]
BUTTON_PIN               0x800'1470    0x2  Data  Gb  stm32f429i_discovery.o [1]
BUTTON_PORT             0x2000'0184    0x4  Data  Gb  stm32f429i_discovery.o [1]
BusFault_Handler         0x800'19fb    0x2  Code  Gb  stm32f4xx_it.o [1]
CSTACK$$Base            0x2000'0258          --   Gb  - Linker created -
CSTACK$$Limit           0x2000'0658          --   Gb  - Linker created -
DMA2_Stream5_IRQHandler
                         0x800'1a09    0x8  Code  Gb  stm32f4xx_it.o [1]
DMA2_Stream7_IRQHandler
                         0x800'1a11    0x8  Code  Gb  stm32f4xx_it.o [1]
DMA_CalcBaseAndBitshift
                         0x800'0c39   0x26  Code  Lc  stm32f4xx_hal_dma.o [1]
DMA_CalcBaseAndBitshift::flagBitshiftOffset
                         0x800'0c60    0x8  Data  Lc  stm32f4xx_hal_dma.o [1]
DMA_SetConfig            0x800'0c19   0x20  Code  Lc  stm32f4xx_hal_dma.o [1]
DebugMon_Handler         0x800'1a01    0x2  Code  Gb  stm32f4xx_it.o [1]
Error_Handler            0x800'0ddb    0xa  Code  Lc  main.o [1]
GPIO_PIN                 0x800'146c    0x4  Data  Gb  stm32f429i_discovery.o [1]
GPIO_PORT               0x2000'017c    0x8  Data  Gb  stm32f429i_discovery.o [1]
HAL_DMA_Abort_IT         0x800'0a43   0x24  Code  Gb  stm32f4xx_hal_dma.o [1]
HAL_DMA_IRQHandler       0x800'0a67  0x192  Code  Gb  stm32f4xx_hal_dma.o [1]
HAL_DMA_Init             0x800'08e9   0xee  Code  Gb  stm32f4xx_hal_dma.o [1]
HAL_DMA_Start_IT         0x800'09d7   0x6c  Code  Gb  stm32f4xx_hal_dma.o [1]
HAL_Delay                0x800'1821   0x28  Code  Wk  stm32f4xx_hal.o [1]
HAL_GPIO_Init            0x800'0f91  0x1b8  Code  Gb  stm32f4xx_hal_gpio.o [1]
HAL_GPIO_ReadPin         0x800'1149    0xc  Code  Gb  stm32f4xx_hal_gpio.o [1]
HAL_GPIO_TogglePin       0x800'115d    0x8  Code  Gb  stm32f4xx_hal_gpio.o [1]
HAL_GPIO_WritePin        0x800'1155    0x8  Code  Gb  stm32f4xx_hal_gpio.o [1]
HAL_GetTick              0x800'125d    0xc  Code  Wk  stm32f4xx_hal.o [1]
HAL_IncTick              0x800'1a25   0x10  Code  Wk  stm32f4xx_hal.o [1]
HAL_Init                 0x800'1269   0x30  Code  Gb  stm32f4xx_hal.o [1]
HAL_InitTick             0x800'1849   0x40  Code  Wk  stm32f4xx_hal.o [1]
HAL_NVIC_EnableIRQ       0x800'1207   0x16  Code  Gb  stm32f4xx_hal_cortex.o [1]
HAL_NVIC_SetPriority     0x800'11cd   0x3a  Code  Gb  stm32f4xx_hal_cortex.o [1]
HAL_NVIC_SetPriorityGrouping
                         0x800'11b3   0x1a  Code  Gb  stm32f4xx_hal_cortex.o [1]
HAL_PWREx_EnableOverDrive
                         0x800'17a9   0x48  Code  Gb  stm32f4xx_hal_pwr_ex.o [1]
HAL_RCC_ClockConfig      0x800'0de9   0xfe  Code  Gb  stm32f4xx_hal_rcc.o [1]
HAL_RCC_GetPCLK1Freq     0x800'0ef3   0x10  Code  Gb  stm32f4xx_hal_rcc.o [1]
HAL_RCC_GetPCLK2Freq     0x800'0f03    0xe  Code  Gb  stm32f4xx_hal_rcc.o [1]
HAL_RCC_OscConfig        0x800'14b1  0x2f8  Code  Wk  stm32f4xx_hal_rcc.o [1]
HAL_SYSTICK_Config       0x800'121d   0x28  Code  Gb  stm32f4xx_hal_cortex.o [1]
HAL_UART_ErrorCallback   0x800'0dd9    0x2  Code  Gb  main.o [1]
HAL_UART_IRQHandler      0x800'0339  0x14e  Code  Gb  stm32f4xx_hal_uart.o [1]
HAL_UART_Init            0x800'01ad   0x1e  Code  Gb  stm32f4xx_hal_uart.o [1]
HAL_UART_MspInit         0x800'0791  0x146  Code  Gb  stm32f4xx_hal_msp.o [1]
HAL_UART_MspInit::hdma_rx
                        0x2000'01f8   0x60  Data  Lc  stm32f4xx_hal_msp.o [1]
HAL_UART_MspInit::hdma_tx
                        0x2000'0198   0x60  Data  Lc  stm32f4xx_hal_msp.o [1]
HAL_UART_Receive_DMA     0x800'029b   0x92  Code  Gb  stm32f4xx_hal_uart.o [1]
HAL_UART_RxCpltCallback
                         0x800'0db9    0x2  Code  Gb  main.o [1]
HAL_UART_Transmit_DMA    0x800'0223   0x78  Code  Gb  stm32f4xx_hal_uart.o [1]
HAL_UART_TxCpltCallback
                         0x800'0db5    0x2  Code  Gb  main.o [1]
HardFault_Handler        0x800'19f7    0x2  Code  Gb  stm32f4xx_it.o [1]
MemManage_Handler        0x800'19f9    0x2  Code  Gb  stm32f4xx_it.o [1]
NMI_Handler              0x800'19f5    0x2  Code  Gb  stm32f4xx_it.o [1]
PendSV_Handler           0x800'1a03    0x2  Code  Gb  stm32f4xx_it.o [1]
Region$$Table$$Base      0x800'1a80          --   Gb  - Linker created -
Region$$Table$$Limit     0x800'1aa0          --   Gb  - Linker created -
SVC_Handler              0x800'19ff    0x2  Code  Gb  stm32f4xx_it.o [1]
SysTick_Handler          0x800'1a05    0x4  Code  Gb  stm32f4xx_it.o [1]
SystemCoreClock         0x2000'0194    0x4  Data  Gb  system_stm32f4xx.o [1]
SystemInit               0x800'1995   0x3a  Code  Gb  system_stm32f4xx.o [1]
UART_DMAAbortOnError     0x800'0575    0xc  Code  Lc  stm32f4xx_hal_uart.o [1]
UART_DMAError            0x800'04fd   0x4a  Code  Lc  stm32f4xx_hal_uart.o [1]
UART_DMAReceiveCplt      0x800'04bd   0x38  Code  Lc  stm32f4xx_hal_uart.o [1]
UART_DMARxHalfCplt       0x800'04f5    0x6  Code  Lc  stm32f4xx_hal_uart.o [1]
UART_DMATransmitCplt     0x800'0489   0x2a  Code  Lc  stm32f4xx_hal_uart.o [1]
UART_DMATxHalfCplt       0x800'04b5    0x6  Code  Lc  stm32f4xx_hal_uart.o [1]
UART_EndRxTransfer       0x800'0559   0x1c  Code  Lc  stm32f4xx_hal_uart.o [1]
UART_EndTxTransfer       0x800'0547   0x12  Code  Lc  stm32f4xx_hal_uart.o [1]
UART_Receive_IT          0x800'0581   0x88  Code  Lc  stm32f4xx_hal_uart.o [1]
UART_SetConfig           0x800'0609  0x13e  Code  Lc  stm32f4xx_hal_uart.o [1]
USART1_IRQHandler        0x800'1a19    0x6  Code  Gb  stm32f4xx_it.o [1]
UartHandle              0x2000'0004   0x40  Data  Gb  main.o [1]
UartReady               0x2000'0000    0x1  Data  Gb  main.o [1]
UsageFault_Handler       0x800'19fd    0x2  Code  Gb  stm32f4xx_it.o [1]
__NVIC_SetPriority       0x800'1199   0x1a  Code  Lc  stm32f4xx_hal_cortex.o [1]
__aeabi_ldiv0            0x800'1991         Code  Gb  I64DivZer.o [4]
__cmain                  0x800'1aa1         Code  Gb  cmain.o [4]
__exit                   0x800'1ad5   0x14  Code  Gb  exit.o [5]
__iar_data_init3         0x800'1a35   0x28  Code  Gb  data_init.o [4]
__iar_init_vfp           0x800'1a5d         Code  Gb  fpinit_M.o [3]
__iar_lz77_init_single3
                         0x800'129f   0x7a  Code  Gb  lz77_init_single.o [4]
__iar_program_start      0x800'1af9         Code  Gb  cstartup_M.o [4]
__iar_small_uldivmod     0x800'1889         Code  Gb  I64DivMod_small.o [4]
__iar_zero_init3         0x800'1477   0x3a  Code  Gb  zero_init3.o [4]
__low_level_init         0x800'1abf    0x4  Code  Gb  low_level_init.o [2]
__vector_table           0x800'0000         Data  Gb  startup_stm32f429xx.o [1]
_call_main               0x800'1aad         Code  Gb  cmain.o [4]
_exit                    0x800'1ac9         Code  Gb  cexit.o [4]
_main                    0x800'1abb         Code  Gb  cmain.o [4]
aRxBuffer               0x2000'00e0   0x9c  Data  Gb  main.o [1]
aTxBuffer               0x2000'0044   0x9c  Data  Gb  main.o [1]
exit                     0x800'1ac3    0x4  Code  Gb  exit.o [2]
main                     0x800'0c69  0x140  Code  Gb  main.o [1]
uwTick                  0x2000'018c    0x4  Data  Gb  stm32f4xx_hal.o [1]
uwTickFreq              0x2000'0188    0x1  Data  Gb  stm32f4xx_hal.o [1]
uwTickPrio              0x2000'0190    0x4  Data  Gb  stm32f4xx_hal.o [1]


[1] = C:\Users\lette\STM32Cube\Repository\stm32cube_fw_f4_v1230reserve\STM32Cube_FW_F4_V1.23.0\Projects\STM32F429I-Discovery\Examples\UART\UART_TwoBoards_ComDMA\EWARM\STM32F429I-Discovery\Obj
[2] = dl7M_tlf.a
[3] = m7M_tls.a
[4] = rt7M_tl.a
[5] = shb_l.a

  7 230 bytes of readonly  code memory
    123 bytes of readonly  data memory
  1 624 bytes of readwrite data memory

Errors: none
Warnings: none
