###############################################################################
#
# IAR ELF Linker V8.32.1.169/W32 for ARM                  28/Jan/2019  23:48:44
# Copyright 2007-2018 IAR Systems AB.
#
#    Output file  =  C:\stm32_proj\Task\Debug\Exe\Task.out
#    Map file     =  C:\stm32_proj\Task\Debug\List\Task.map
#    Command line =  
#        -f C:\Users\lette\AppData\Local\Temp\EW253A.tmp
#        (C:\stm32_proj\Task\Debug\Obj\main.o
#        C:\stm32_proj\Task\Debug\Obj\startup_stm32f429xx.o
#        C:\stm32_proj\Task\Debug\Obj\stm32f429i_discovery.o
#        C:\stm32_proj\Task\Debug\Obj\stm32f4xx_hal.o
#        C:\stm32_proj\Task\Debug\Obj\stm32f4xx_hal_cortex.o
#        C:\stm32_proj\Task\Debug\Obj\stm32f4xx_hal_dma.o
#        C:\stm32_proj\Task\Debug\Obj\stm32f4xx_hal_flash.o
#        C:\stm32_proj\Task\Debug\Obj\stm32f4xx_hal_flash_ex.o
#        C:\stm32_proj\Task\Debug\Obj\stm32f4xx_hal_gpio.o
#        C:\stm32_proj\Task\Debug\Obj\stm32f4xx_hal_i2c.o
#        C:\stm32_proj\Task\Debug\Obj\stm32f4xx_hal_i2c_ex.o
#        C:\stm32_proj\Task\Debug\Obj\stm32f4xx_hal_msp.o
#        C:\stm32_proj\Task\Debug\Obj\stm32f4xx_hal_pwr.o
#        C:\stm32_proj\Task\Debug\Obj\stm32f4xx_hal_pwr_ex.o
#        C:\stm32_proj\Task\Debug\Obj\stm32f4xx_hal_rcc.o
#        C:\stm32_proj\Task\Debug\Obj\stm32f4xx_hal_rcc_ex.o
#        C:\stm32_proj\Task\Debug\Obj\stm32f4xx_hal_spi.o
#        C:\stm32_proj\Task\Debug\Obj\stm32f4xx_hal_uart.o
#        C:\stm32_proj\Task\Debug\Obj\stm32f4xx_it.o
#        C:\stm32_proj\Task\Debug\Obj\system_stm32f4xx.o --no_out_extension -o
#        C:\stm32_proj\Task\Debug\Exe\Task.out --redirect
#        _Printf=_PrintfFullNoMb --redirect _Scanf=_ScanfFullNoMb --map
#        C:\stm32_proj\Task\Debug\List\Task.map --config
#        C:\stm32_proj\Task\stm32f429xI.icf --semihosting --entry
#        __iar_program_start "C:\Program Files (x86)\IAR Systems\Embedded
#        Workbench 8.2\arm\CMSIS\Lib\IAR\iar_cortexM4lf_math.a" --vfe
#        --text_out locale)
#
###############################################################################

*******************************************************************************
*** RUNTIME MODEL ATTRIBUTES
***

CppFlavor       = *
__Heap_Handler  = NoFree
__SystemLibrary = DLib
__dlib_version  = 6


*******************************************************************************
*** HEAP SELECTION
***

The no free heap was selected because no calls to memory
deallocation functions were found in the application.


*******************************************************************************
*** PLACEMENT SUMMARY
***

"A0":  place at 0x800'0000 { ro section .intvec };
"P1":  place in [from 0x800'0000 to 0x80f'ffff] { ro };
define block CSTACK with size = 8K, alignment = 8 { };
"P3":  place in [from 0x1000'0000 to 0x1000'ffff] {
          block CSTACK, section .ccram };
define block HEAP with size = 8K, alignment = 8 { };
"P4":  place in [from 0x2000'0000 to 0x2001'bfff] |
                [from 0x2001'c000 to 0x2001'ffff] |
                [from 0x2002'0000 to 0x2002'ffff] { rw, block HEAP };
initialize by copy { rw };

No sections matched the following patterns:

  ro section application_specific_ro  in "P2|P6"
  rw section application_specific_rw  in "P2|P6"
  section .backup_sram                in "P5"
  section .ccram                      in "P3"


  Section            Kind         Address    Size  Object
  -------            ----         -------    ----  ------
"A0":                                       0x1ac
  .intvec            ro code   0x800'0000   0x1ac  startup_stm32f429xx.o [1]
                             - 0x800'01ac   0x1ac

"P1":                                      0x2d54
  .text              ro code   0x800'01ac   0x86c  stm32f4xx_hal_uart.o [1]
  .text              ro code   0x800'0a18   0x170  stm32f4xx_hal_msp.o [1]
  .text              ro code   0x800'0b88   0x4b4  stm32f4xx_hal_dma.o [1]
  .text              ro code   0x800'103c   0x820  main.o [1]
  .text              ro code   0x800'185c     0x2  stm32f4xx_hal_uart.o [1]
  .text              ro code   0x800'185e     0x2  stm32f4xx_hal_uart.o [1]
  .text              ro code   0x800'1860   0x224  stm32f4xx_hal_rcc.o [1]
  .text              ro code   0x800'1a84   0x290  stm32f4xx_hal_gpio.o [1]
  .text              ro code   0x800'1d14   0x158  stm32f4xx_hal_cortex.o [1]
  .text              ro code   0x800'1e6c     0xc  stm32f4xx_hal.o [1]
  .text              ro code   0x800'1e78    0x36  stm32f4xx_hal.o [1]
  .text              ro code   0x800'1eae    0x3a  zero_init3.o [4]
  .text              ro code   0x800'1ee8   0x108  stm32f429i_discovery.o [1]
  .text              ro code   0x800'1ff0   0x380  stm32f4xx_hal_rcc.o [1]
  .text              ro code   0x800'2370    0x7c  stm32f4xx_hal_pwr_ex.o [1]
  .text              ro code   0x800'23ec    0x28  stm32f4xx_hal.o [1]
  .text              ro code   0x800'2414    0x48  no_free_heap0.o [2]
  .text              ro code   0x800'245c   0x22c  stm32f4xx_hal_flash.o [1]
  .text              ro code   0x800'2688   0x1c0  stm32f4xx_hal_flash_ex.o [1]
  .text              ro code   0x800'2848    0x4c  stm32f4xx_hal.o [1]
  .text              ro code   0x800'2894   0x230  I64DivMod.o [4]
  .text              ro code   0x800'2ac4    0x2c  xgetmemchunk.o [2]
  .text              ro code   0x800'2af0     0x2  I64DivZer.o [4]
  .text              ro code   0x800'2af4    0x60  system_stm32f4xx.o [1]
  .text              ro code   0x800'2b54    0x40  stm32f4xx_it.o [1]
  .text              ro code   0x800'2b94    0x18  stm32f4xx_hal.o [1]
  .text              ro code   0x800'2bac    0x2c  copy_init3.o [4]
  .text              ro code   0x800'2bd8    0x28  data_init.o [4]
  .text              ro code   0x800'2c00    0x22  fpinit_M.o [3]
  .iar.init_table    const     0x800'2c24    0x24  - Linker created -
  .text              ro code   0x800'2c48    0x1e  cmain.o [4]
  .text              ro code   0x800'2c66     0x4  low_level_init.o [2]
  .text              ro code   0x800'2c6a     0x4  exit.o [2]
  .text              ro code   0x800'2c70     0xa  cexit.o [4]
  .text              ro code   0x800'2c7c    0x14  exit.o [5]
  .rodata            const     0x800'2c90    0x14  main.o [1]
  .rodata            const     0x800'2ca4    0x14  main.o [1]
  .rodata            const     0x800'2cb8    0x10  main.o [1]
  .rodata            const     0x800'2cc8    0x10  main.o [1]
  .rodata            const     0x800'2cd8    0x10  system_stm32f4xx.o [1]
  .text              ro code   0x800'2ce8    0x10  startup_stm32f429xx.o [1]
  .rodata            const     0x800'2cf8     0xc  main.o [1]
  .rodata            const     0x800'2d04     0xc  main.o [1]
  .rodata            const     0x800'2d10     0xc  main.o [1]
  .rodata            const     0x800'2d1c     0xc  main.o [1]
  .text              ro code   0x800'2d28     0xc  cstartup_M.o [4]
  .rodata            const     0x800'2d34     0x8  main.o [1]
  .rodata            const     0x800'2d3c     0x8  main.o [1]
  .rodata            const     0x800'2d44     0x8  main.o [1]
  .rodata            const     0x800'2d4c     0x8  main.o [1]
  .rodata            const     0x800'2d54     0x8  main.o [1]
  .rodata            const     0x800'2d5c     0x8  stm32f4xx_hal_dma.o [1]
  .rodata            const     0x800'2d64     0x8  system_stm32f4xx.o [1]
  .rodata            const     0x800'2d6c     0x4  stm32f429i_discovery.o [1]
  .text              ro code   0x800'2d70     0x4  startup_stm32f429xx.o [1]
  .text              ro code   0x800'2d74     0x4  startup_stm32f429xx.o [1]
  .text              ro code   0x800'2d78     0x4  startup_stm32f429xx.o [1]
  .text              ro code   0x800'2d7c     0x4  startup_stm32f429xx.o [1]
  .text              ro code   0x800'2d80     0x4  startup_stm32f429xx.o [1]
  .text              ro code   0x800'2d84     0x4  startup_stm32f429xx.o [1]
  .text              ro code   0x800'2d88     0x4  startup_stm32f429xx.o [1]
  .text              ro code   0x800'2d8c     0x4  startup_stm32f429xx.o [1]
  .text              ro code   0x800'2d90     0x4  startup_stm32f429xx.o [1]
  .text              ro code   0x800'2d94     0x4  startup_stm32f429xx.o [1]
  .text              ro code   0x800'2d98     0x4  startup_stm32f429xx.o [1]
  .text              ro code   0x800'2d9c     0x4  startup_stm32f429xx.o [1]
  .text              ro code   0x800'2da0     0x4  startup_stm32f429xx.o [1]
  .text              ro code   0x800'2da4     0x4  startup_stm32f429xx.o [1]
  .text              ro code   0x800'2da8     0x4  startup_stm32f429xx.o [1]
  .text              ro code   0x800'2dac     0x4  startup_stm32f429xx.o [1]
  .text              ro code   0x800'2db0     0x4  startup_stm32f429xx.o [1]
  .text              ro code   0x800'2db4     0x4  startup_stm32f429xx.o [1]
  .text              ro code   0x800'2db8     0x4  startup_stm32f429xx.o [1]
  .text              ro code   0x800'2dbc     0x4  startup_stm32f429xx.o [1]
  .text              ro code   0x800'2dc0     0x4  startup_stm32f429xx.o [1]
  .text              ro code   0x800'2dc4     0x4  startup_stm32f429xx.o [1]
  .text              ro code   0x800'2dc8     0x4  startup_stm32f429xx.o [1]
  .text              ro code   0x800'2dcc     0x4  startup_stm32f429xx.o [1]
  .text              ro code   0x800'2dd0     0x4  startup_stm32f429xx.o [1]
  .text              ro code   0x800'2dd4     0x4  startup_stm32f429xx.o [1]
  .text              ro code   0x800'2dd8     0x4  startup_stm32f429xx.o [1]
  .text              ro code   0x800'2ddc     0x4  startup_stm32f429xx.o [1]
  .text              ro code   0x800'2de0     0x4  startup_stm32f429xx.o [1]
  .text              ro code   0x800'2de4     0x4  startup_stm32f429xx.o [1]
  .text              ro code   0x800'2de8     0x4  startup_stm32f429xx.o [1]
  .text              ro code   0x800'2dec     0x4  startup_stm32f429xx.o [1]
  .text              ro code   0x800'2df0     0x4  startup_stm32f429xx.o [1]
  .text              ro code   0x800'2df4     0x4  startup_stm32f429xx.o [1]
  .text              ro code   0x800'2df8     0x4  startup_stm32f429xx.o [1]
  .text              ro code   0x800'2dfc     0x4  startup_stm32f429xx.o [1]
  .text              ro code   0x800'2e00     0x4  startup_stm32f429xx.o [1]
  .text              ro code   0x800'2e04     0x4  startup_stm32f429xx.o [1]
  .text              ro code   0x800'2e08     0x4  startup_stm32f429xx.o [1]
  .text              ro code   0x800'2e0c     0x4  startup_stm32f429xx.o [1]
  .text              ro code   0x800'2e10     0x4  startup_stm32f429xx.o [1]
  .text              ro code   0x800'2e14     0x4  startup_stm32f429xx.o [1]
  .text              ro code   0x800'2e18     0x4  startup_stm32f429xx.o [1]
  .text              ro code   0x800'2e1c     0x4  startup_stm32f429xx.o [1]
  .text              ro code   0x800'2e20     0x4  startup_stm32f429xx.o [1]
  .text              ro code   0x800'2e24     0x4  startup_stm32f429xx.o [1]
  .text              ro code   0x800'2e28     0x4  startup_stm32f429xx.o [1]
  .text              ro code   0x800'2e2c     0x4  startup_stm32f429xx.o [1]
  .text              ro code   0x800'2e30     0x4  startup_stm32f429xx.o [1]
  .text              ro code   0x800'2e34     0x4  startup_stm32f429xx.o [1]
  .text              ro code   0x800'2e38     0x4  startup_stm32f429xx.o [1]
  .text              ro code   0x800'2e3c     0x4  startup_stm32f429xx.o [1]
  .text              ro code   0x800'2e40     0x4  startup_stm32f429xx.o [1]
  .text              ro code   0x800'2e44     0x4  startup_stm32f429xx.o [1]
  .text              ro code   0x800'2e48     0x4  startup_stm32f429xx.o [1]
  .text              ro code   0x800'2e4c     0x4  startup_stm32f429xx.o [1]
  .text              ro code   0x800'2e50     0x4  startup_stm32f429xx.o [1]
  .text              ro code   0x800'2e54     0x4  startup_stm32f429xx.o [1]
  .text              ro code   0x800'2e58     0x4  startup_stm32f429xx.o [1]
  .text              ro code   0x800'2e5c     0x4  startup_stm32f429xx.o [1]
  .text              ro code   0x800'2e60     0x4  startup_stm32f429xx.o [1]
  .text              ro code   0x800'2e64     0x4  startup_stm32f429xx.o [1]
  .text              ro code   0x800'2e68     0x4  startup_stm32f429xx.o [1]
  .text              ro code   0x800'2e6c     0x4  startup_stm32f429xx.o [1]
  .text              ro code   0x800'2e70     0x4  startup_stm32f429xx.o [1]
  .text              ro code   0x800'2e74     0x4  startup_stm32f429xx.o [1]
  .text              ro code   0x800'2e78     0x4  startup_stm32f429xx.o [1]
  .text              ro code   0x800'2e7c     0x4  startup_stm32f429xx.o [1]
  .text              ro code   0x800'2e80     0x4  startup_stm32f429xx.o [1]
  .text              ro code   0x800'2e84     0x4  startup_stm32f429xx.o [1]
  .text              ro code   0x800'2e88     0x4  startup_stm32f429xx.o [1]
  .text              ro code   0x800'2e8c     0x4  startup_stm32f429xx.o [1]
  .text              ro code   0x800'2e90     0x4  startup_stm32f429xx.o [1]
  .text              ro code   0x800'2e94     0x4  startup_stm32f429xx.o [1]
  .text              ro code   0x800'2e98     0x4  startup_stm32f429xx.o [1]
  .text              ro code   0x800'2e9c     0x4  startup_stm32f429xx.o [1]
  .text              ro code   0x800'2ea0     0x4  startup_stm32f429xx.o [1]
  .text              ro code   0x800'2ea4     0x4  startup_stm32f429xx.o [1]
  .text              ro code   0x800'2ea8     0x4  startup_stm32f429xx.o [1]
  .text              ro code   0x800'2eac     0x4  startup_stm32f429xx.o [1]
  .text              ro code   0x800'2eb0     0x4  startup_stm32f429xx.o [1]
  .text              ro code   0x800'2eb4     0x4  startup_stm32f429xx.o [1]
  .text              ro code   0x800'2eb8     0x4  startup_stm32f429xx.o [1]
  .text              ro code   0x800'2ebc     0x4  startup_stm32f429xx.o [1]
  .text              ro code   0x800'2ec0     0x4  startup_stm32f429xx.o [1]
  .text              ro code   0x800'2ec4     0x4  startup_stm32f429xx.o [1]
  .text              ro code   0x800'2ec8     0x4  startup_stm32f429xx.o [1]
  .rodata            const     0x800'2ecc     0x0  zero_init3.o [4]
  .rodata            const     0x800'2ecc     0x0  copy_init3.o [4]
  Initializer bytes  const     0x800'2ecc    0x34  <for P4 s0>
                             - 0x800'2f00  0x2d54

"P3":                                      0x2000
  CSTACK                      0x1000'0000  0x2000  <Block>
    CSTACK           uninit   0x1000'0000  0x2000  <Block tail>
                            - 0x1000'2000  0x2000

"P4", part 1 of 3:                           0x34
  P4 s0                       0x2000'0000    0x34  <Init block>
    .data            inited   0x2000'0000    0x20  main.o [1]
    .data            inited   0x2000'0020     0x8  stm32f429i_discovery.o [1]
    .data            inited   0x2000'0028     0x4  stm32f4xx_hal.o [1]
    .data            inited   0x2000'002c     0x4  system_stm32f4xx.o [1]
    .data            inited   0x2000'0030     0x1  stm32f4xx_hal.o [1]
                            - 0x2000'0034    0x34

"P4", part 2 of 3:                          0x224
  .bss               zero     0x2000'0034    0x60  stm32f4xx_hal_msp.o [1]
  .bss               zero     0x2000'0094    0x60  stm32f4xx_hal_msp.o [1]
  .bss               zero     0x2000'00f4    0x40  main.o [1]
  .bss               zero     0x2000'0134    0x40  main.o [1]
  .bss               zero     0x2000'0174    0x40  main.o [1]
  .bss               zero     0x2000'01b4    0x20  main.o [1]
  .bss               zero     0x2000'01d4    0x20  main.o [1]
  .bss               zero     0x2000'01f4    0x20  stm32f4xx_hal_flash.o [1]
  .bss               zero     0x2000'0214    0x1c  main.o [1]
  .bss               zero     0x2000'0230    0x14  main.o [1]
  .bss               zero     0x2000'0244     0x4  main.o [1]
  .bss               zero     0x2000'0248     0x4  stm32f4xx_hal.o [1]
  .bss               zero     0x2000'024c     0x4  no_free_heap0.o [2]
  .bss               zero     0x2000'0250     0x4  xgetmemchunk.o [2]
  .bss               zero     0x2000'0254     0x1  main.o [1]
  .bss               zero     0x2000'0255     0x1  main.o [1]
                            - 0x2000'0256   0x222

"P4", part 3 of 3:                         0x2000
  HEAP                        0x2000'0258  0x2000  <Block>
    HEAP             uninit   0x2000'0258  0x2000  <Block tail>
                            - 0x2000'2258  0x2000

Unused ranges:

         From           To      Size
         ----           --      ----
   0x800'2f00   0x80f'ffff  0xf'd100
  0x1000'2000  0x1000'ffff    0xe000
  0x2000'2258  0x2001'bfff  0x1'9da8
  0x2001'c000  0x2001'ffff    0x4000
  0x2002'0000  0x2002'ffff  0x1'0000


*******************************************************************************
*** INIT TABLE
***

          Address      Size
          -------      ----
Zero (__iar_zero_init3)
    1 destination range, total size 0x222:
          0x2000'0034  0x222

Copy (__iar_copy_init3)
    1 source range, total size 0x34 (106% of destination):
           0x800'2ecc   0x34
    1 destination range, total size 0x31:
          0x2000'0000   0x31



*******************************************************************************
*** MODULE SUMMARY
***

    Module                    ro code  ro data  rw data
    ------                    -------  -------  -------
command line/config:
    ---------------------------------------------------
    Total:

C:\stm32_proj\Task\Debug\Obj: [1]
    main.o                      2 080      192      342
    startup_stm32f429xx.o         792
    stm32f429i_discovery.o        264       12        8
    stm32f4xx_hal.o               206        5        9
    stm32f4xx_hal_cortex.o        344
    stm32f4xx_hal_dma.o         1 204        8
    stm32f4xx_hal_flash.o         556                32
    stm32f4xx_hal_flash_ex.o      448
    stm32f4xx_hal_gpio.o          656
    stm32f4xx_hal_msp.o           368               192
    stm32f4xx_hal_pwr_ex.o        124
    stm32f4xx_hal_rcc.o         1 444
    stm32f4xx_hal_uart.o        2 160
    stm32f4xx_it.o                 64
    system_stm32f4xx.o             96       28        4
    ---------------------------------------------------
    Total:                     10 806      245      587

dl7M_tlf.a: [2]
    exit.o                          4
    low_level_init.o                4
    no_free_heap0.o                72                 4
    xgetmemchunk.o                 44                 4
    ---------------------------------------------------
    Total:                        124                 8

m7M_tls.a: [3]
    fpinit_M.o                     34
    ---------------------------------------------------
    Total:                         34

rt7M_tl.a: [4]
    I64DivMod.o                   560
    I64DivZer.o                     2
    cexit.o                        10
    cmain.o                        30
    copy_init3.o                   44
    cstartup_M.o                   12
    data_init.o                    40
    zero_init3.o                   58
    ---------------------------------------------------
    Total:                        756

shb_l.a: [5]
    exit.o                         20
    ---------------------------------------------------
    Total:                         20

    Gaps                            6        2
    Linker created                          39   16 384
-------------------------------------------------------
    Grand Total:               11 746      286   16 979


*******************************************************************************
*** ENTRY LIST
***

Entry                       Address   Size  Type      Object
-----                       -------   ----  ----      ------
.iar.init_table$$Base    0x800'2c24          --   Gb  - Linker created -
.iar.init_table$$Limit   0x800'2c48          --   Gb  - Linker created -
?main                    0x800'2c49         Code  Gb  cmain.o [4]
AHBPrescTable            0x800'2cd8   0x10  Data  Gb  system_stm32f4xx.o [1]
APBPrescTable            0x800'2d64    0x8  Data  Gb  system_stm32f4xx.o [1]
BSP_LED_Init             0x800'1ee9   0x92  Code  Gb  stm32f429i_discovery.o [1]
BSP_LED_Off              0x800'1f9f   0x24  Code  Gb  stm32f429i_discovery.o [1]
BSP_LED_On               0x800'1f7b   0x24  Code  Gb  stm32f429i_discovery.o [1]
BSP_LED_Toggle           0x800'1fc3   0x22  Code  Gb  stm32f429i_discovery.o [1]
Buffercmp                0x800'11ab   0x28  Code  Lc  main.o [1]
BusFault_Handler         0x800'2b5b    0x2  Code  Gb  stm32f4xx_it.o [1]
CSTACK$$Base            0x1000'0000          --   Gb  - Linker created -
CSTACK$$Limit           0x1000'2000          --   Gb  - Linker created -
DMA2_Stream5_IRQHandler
                         0x800'2b6d    0xc  Code  Gb  stm32f4xx_it.o [1]
DMA2_Stream7_IRQHandler
                         0x800'2b79    0xc  Code  Gb  stm32f4xx_it.o [1]
DMA_CalcBaseAndBitshift
                         0x800'0f61   0x30  Code  Lc  stm32f4xx_hal_dma.o [1]
DMA_CalcBaseAndBitshift::flagBitshiftOffset
                         0x800'2d5c    0x8  Data  Lc  stm32f4xx_hal_dma.o [1]
DMA_CheckFifoParam       0x800'0fa1   0x9c  Code  Lc  stm32f4xx_hal_dma.o [1]
DMA_SetConfig            0x800'0f33   0x2e  Code  Lc  stm32f4xx_hal_dma.o [1]
DebugMon_Handler         0x800'2b61    0x2  Code  Gb  stm32f4xx_it.o [1]
EraseInitStruct         0x2000'0230   0x14  Data  Gb  main.o [1]
Error_Handler            0x800'11d3   0x10  Code  Lc  main.o [1]
FLASH_Erase_Sector       0x800'2781   0x68  Code  Gb  stm32f4xx_hal_flash_ex.o [1]
FLASH_FlushCaches        0x800'27e9   0x50  Code  Gb  stm32f4xx_hal_flash_ex.o [1]
FLASH_MassErase          0x800'2737   0x4a  Code  Lc  stm32f4xx_hal_flash_ex.o [1]
FLASH_Program_Byte       0x800'25d9   0x1a  Code  Lc  stm32f4xx_hal_flash.o [1]
FLASH_Program_DoubleWord
                         0x800'2577   0x26  Code  Lc  stm32f4xx_hal_flash.o [1]
FLASH_Program_HalfWord   0x800'25bb   0x1e  Code  Lc  stm32f4xx_hal_flash.o [1]
FLASH_Program_Word       0x800'259d   0x1e  Code  Lc  stm32f4xx_hal_flash.o [1]
FLASH_SetErrorCode       0x800'25f3   0x7e  Code  Lc  stm32f4xx_hal_flash.o [1]
FLASH_WaitForLastOperation
                         0x800'2527   0x50  Code  Gb  stm32f4xx_hal_flash.o [1]
FL_ProcessTypeDef       0x2000'01b4   0x20  Data  Gb  main.o [1]
GPIO_PIN                 0x800'2d6c    0x4  Data  Gb  stm32f429i_discovery.o [1]
GPIO_PORT               0x2000'0020    0x8  Data  Gb  stm32f429i_discovery.o [1]
GetSector                0x800'1611  0x164  Code  Lc  main.o [1]
HAL_DMA_Abort_IT         0x800'0d03   0x28  Code  Gb  stm32f4xx_hal_dma.o [1]
HAL_DMA_IRQHandler       0x800'0d2b  0x208  Code  Gb  stm32f4xx_hal_dma.o [1]
HAL_DMA_Init             0x800'0b89   0xe2  Code  Gb  stm32f4xx_hal_dma.o [1]
HAL_DMA_Start_IT         0x800'0c6b   0x98  Code  Gb  stm32f4xx_hal_dma.o [1]
HAL_Delay                0x800'23ed   0x28  Code  Wk  stm32f4xx_hal.o [1]
HAL_FLASHEx_Erase        0x800'2689   0xae  Code  Gb  stm32f4xx_hal_flash_ex.o [1]
HAL_FLASH_GetError       0x800'2521    0x6  Code  Gb  stm32f4xx_hal_flash.o [1]
HAL_FLASH_Lock           0x800'2513    0xe  Code  Gb  stm32f4xx_hal_flash.o [1]
HAL_FLASH_Program        0x800'245d   0x94  Code  Gb  stm32f4xx_hal_flash.o [1]
HAL_FLASH_Unlock         0x800'24f1   0x22  Code  Gb  stm32f4xx_hal_flash.o [1]
HAL_GPIO_Init            0x800'1a85  0x22a  Code  Gb  stm32f4xx_hal_gpio.o [1]
HAL_GPIO_TogglePin       0x800'1cc9    0xc  Code  Gb  stm32f4xx_hal_gpio.o [1]
HAL_GPIO_WritePin        0x800'1caf   0x1a  Code  Gb  stm32f4xx_hal_gpio.o [1]
HAL_GetTick              0x800'1e6d    0xc  Code  Wk  stm32f4xx_hal.o [1]
HAL_IncTick              0x800'2b95   0x18  Code  Wk  stm32f4xx_hal.o [1]
HAL_Init                 0x800'1e79   0x30  Code  Gb  stm32f4xx_hal.o [1]
HAL_InitTick             0x800'2849   0x4c  Code  Wk  stm32f4xx_hal.o [1]
HAL_NVIC_EnableIRQ       0x800'1e33    0xe  Code  Gb  stm32f4xx_hal_cortex.o [1]
HAL_NVIC_SetPriority     0x800'1e09   0x2a  Code  Gb  stm32f4xx_hal_cortex.o [1]
HAL_NVIC_SetPriorityGrouping
                         0x800'1dfd    0xc  Code  Gb  stm32f4xx_hal_cortex.o [1]
HAL_PWREx_EnableOverDrive
                         0x800'2371   0x6a  Code  Gb  stm32f4xx_hal_pwr_ex.o [1]
HAL_RCC_ClockConfig      0x800'1861  0x13e  Code  Gb  stm32f4xx_hal_rcc.o [1]
HAL_RCC_GetHCLKFreq      0x800'199f    0x6  Code  Gb  stm32f4xx_hal_rcc.o [1]
HAL_RCC_GetPCLK1Freq     0x800'19a5   0x16  Code  Gb  stm32f4xx_hal_rcc.o [1]
HAL_RCC_GetPCLK2Freq     0x800'19bb   0x16  Code  Gb  stm32f4xx_hal_rcc.o [1]
HAL_RCC_OscConfig        0x800'1ff1  0x380  Code  Wk  stm32f4xx_hal_rcc.o [1]
HAL_SYSTICK_Config       0x800'1e41    0xc  Code  Gb  stm32f4xx_hal_cortex.o [1]
HAL_UART_ErrorCallback   0x800'119f    0xc  Code  Gb  main.o [1]
HAL_UART_IRQHandler      0x800'036f  0x14a  Code  Gb  stm32f4xx_hal_uart.o [1]
HAL_UART_Init            0x800'01ad   0x76  Code  Gb  stm32f4xx_hal_uart.o [1]
HAL_UART_MspInit         0x800'0a19  0x152  Code  Gb  stm32f4xx_hal_msp.o [1]
HAL_UART_MspInit::hdma_rx
                        0x2000'0094   0x60  Data  Lc  stm32f4xx_hal_msp.o [1]
HAL_UART_MspInit::hdma_tx
                        0x2000'0034   0x60  Data  Lc  stm32f4xx_hal_msp.o [1]
HAL_UART_Receive_DMA     0x800'02b9   0xb6  Code  Gb  stm32f4xx_hal_uart.o [1]
HAL_UART_RxCpltCallback
                         0x800'118b   0x14  Code  Gb  main.o [1]
HAL_UART_Transmit_DMA    0x800'0223   0x96  Code  Gb  stm32f4xx_hal_uart.o [1]
HAL_UART_TxCpltCallback
                         0x800'1177   0x14  Code  Gb  main.o [1]
HEAP$$Base              0x2000'0258          --   Gb  - Linker created -
HEAP$$Limit             0x2000'2258          --   Gb  - Linker created -
HardFault_Handler        0x800'2b57    0x2  Code  Gb  stm32f4xx_it.o [1]
MemManage_Handler        0x800'2b59    0x2  Code  Gb  stm32f4xx_it.o [1]
NMI_Handler              0x800'2b55    0x2  Code  Gb  stm32f4xx_it.o [1]
NVIC_EncodePriority      0x800'1d8d   0x40  Code  Lc  stm32f4xx_hal_cortex.o [1]
PendSV_Handler           0x800'2b63    0x2  Code  Gb  stm32f4xx_it.o [1]
Region$$Table$$Base      0x800'2c24          --   Gb  - Linker created -
Region$$Table$$Limit     0x800'2c48          --   Gb  - Linker created -
SVC_Handler              0x800'2b5f    0x2  Code  Gb  stm32f4xx_it.o [1]
SectorError             0x2000'0244    0x4  Data  Gb  main.o [1]
SysTick_Config           0x800'1dcd   0x30  Code  Lc  stm32f4xx_hal_cortex.o [1]
SysTick_Handler          0x800'2b65    0x8  Code  Gb  stm32f4xx_it.o [1]
SystemClock_Config       0x800'10db   0x9c  Code  Lc  main.o [1]
SystemCoreClock         0x2000'002c    0x4  Data  Gb  system_stm32f4xx.o [1]
SystemInit               0x800'2af5   0x40  Code  Gb  system_stm32f4xx.o [1]
UART_DMAAbortOnError     0x800'05e1   0x16  Code  Lc  stm32f4xx_hal_uart.o [1]
UART_DMAError            0x800'0551   0x58  Code  Lc  stm32f4xx_hal_uart.o [1]
UART_DMAReceiveCplt      0x800'04fd   0x44  Code  Lc  stm32f4xx_hal_uart.o [1]
UART_DMARxHalfCplt       0x800'0541    0xe  Code  Lc  stm32f4xx_hal_uart.o [1]
UART_DMATransmitCplt     0x800'04b9   0x34  Code  Lc  stm32f4xx_hal_uart.o [1]
UART_DMATxHalfCplt       0x800'04ed    0xe  Code  Lc  stm32f4xx_hal_uart.o [1]
UART_EndRxTransfer       0x800'05bd   0x20  Code  Lc  stm32f4xx_hal_uart.o [1]
UART_EndTransmit_IT      0x800'0667   0x20  Code  Lc  stm32f4xx_hal_uart.o [1]
UART_EndTxTransfer       0x800'05a9   0x14  Code  Lc  stm32f4xx_hal_uart.o [1]
UART_Receive_IT          0x800'0687   0xa2  Code  Lc  stm32f4xx_hal_uart.o [1]
UART_SetConfig           0x800'0729  0x2e4  Code  Lc  stm32f4xx_hal_uart.o [1]
UART_Transmit_IT         0x800'05f9   0x6e  Code  Lc  stm32f4xx_hal_uart.o [1]
USART1_IRQHandler        0x800'2b85    0xa  Code  Gb  stm32f4xx_it.o [1]
UartHandle              0x2000'00f4   0x40  Data  Gb  main.o [1]
UartReady               0x2000'0255    0x1  Data  Gb  main.o [1]
UsageFault_Handler       0x800'2b5d    0x2  Code  Gb  stm32f4xx_it.o [1]
__NVIC_EnableIRQ         0x800'1d43   0x1e  Code  Lc  stm32f4xx_hal_cortex.o [1]
__NVIC_GetPriorityGrouping
                         0x800'1d37    0xc  Code  Lc  stm32f4xx_hal_cortex.o [1]
__NVIC_SetPriority       0x800'1d61   0x2c  Code  Lc  stm32f4xx_hal_cortex.o [1]
__NVIC_SetPriorityGrouping
                         0x800'1d15   0x22  Code  Lc  stm32f4xx_hal_cortex.o [1]
__aeabi_ldiv0            0x800'2af1         Code  Gb  I64DivZer.o [4]
__aeabi_uldivmod         0x800'2895         Code  Gb  I64DivMod.o [4]
__cmain                  0x800'2c49         Code  Gb  cmain.o [4]
__data_GetMemChunk       0x800'2ac5   0x2c  Code  Gb  xgetmemchunk.o [2]
__data_GetMemChunk::start
                        0x2000'0250    0x4  Data  Lc  xgetmemchunk.o [2]
__exit                   0x800'2c7d   0x14  Code  Gb  exit.o [5]
__iar_copy_init3         0x800'2bad   0x2c  Code  Gb  copy_init3.o [4]
__iar_data_init3         0x800'2bd9   0x28  Code  Gb  data_init.o [4]
__iar_init_vfp           0x800'2c01         Code  Gb  fpinit_M.o [3]
__iar_program_start      0x800'2d29         Code  Gb  cstartup_M.o [4]
__iar_zero_init3         0x800'1eaf   0x3a  Code  Gb  zero_init3.o [4]
__low_level_init         0x800'2c67    0x4  Code  Gb  low_level_init.o [2]
__no_free_malloc         0x800'2415   0x44  Code  Gb  no_free_heap0.o [2]
__vector_table           0x800'0000         Data  Gb  startup_stm32f429xx.o [1]
_call_main               0x800'2c55         Code  Gb  cmain.o [4]
_exit                    0x800'2c71         Code  Gb  cexit.o [4]
_main                    0x800'2c63         Code  Gb  cmain.o [4]
aRxBuffer               0x2000'0174   0x40  Data  Gb  main.o [1]
aTxBuffer               0x2000'0134   0x40  Data  Gb  main.o [1]
clear_buff               0x800'130d   0x1c  Code  Lc  main.o [1]
comm_est                 0x800'13c5   0x70  Code  Lc  main.o [1]
detect_char              0x800'1329   0x6e  Code  Gb  main.o [1]
erase_bank               0x800'1567   0x56  Code  Lc  main.o [1]
erase_sectors            0x800'15bd   0x46  Code  Lc  main.o [1]
exec_command             0x800'1435  0x132  Code  Gb  main.o [1]
exit                     0x800'2c6b    0x4  Code  Gb  exit.o [2]
flash_read               0x800'1775    0x4  Code  Gb  main.o [1]
flash_write              0x800'1779   0x36  Code  Lc  main.o [1]
main                     0x800'103d   0x9e  Code  Gb  main.o [1]
pFlash                  0x2000'01f4   0x20  Data  Gb  stm32f4xx_hal_flash.o [1]
prev_stage              0x2000'0254    0x1  Data  Gb  main.o [1]
qs                      0x2000'024c    0x4  Data  Lc  no_free_heap0.o [2]
read_cmd                 0x800'1215   0x84  Code  Lc  main.o [1]
read_param               0x800'1299   0x74  Code  Gb  main.o [1]
snd_msg                 0x2000'0000   0x20  Data  Gb  main.o [1]
trans_msg                0x800'1397   0x2e  Code  Lc  main.o [1]
uData                   0x2000'0214   0x1c  Data  Gb  main.o [1]
uFLASH_ProcessTypeDefStruct
                        0x2000'01d4   0x20  Data  Gb  main.o [1]
uart_receive_MSG         0x800'11e3   0x32  Code  Lc  main.o [1]
uwTick                  0x2000'0248    0x4  Data  Gb  stm32f4xx_hal.o [1]
uwTickFreq              0x2000'0030    0x1  Data  Gb  stm32f4xx_hal.o [1]
uwTickPrio              0x2000'0028    0x4  Data  Gb  stm32f4xx_hal.o [1]


[1] = C:\stm32_proj\Task\Debug\Obj
[2] = dl7M_tlf.a
[3] = m7M_tls.a
[4] = rt7M_tl.a
[5] = shb_l.a

  11 746 bytes of readonly  code memory
     286 bytes of readonly  data memory
  16 979 bytes of readwrite data memory

Errors: none
Warnings: none
