###############################################################################
#
# IAR ELF Linker V8.32.1.169/W32 for ARM                  05/Feb/2019  16:29:28
# Copyright 2007-2018 IAR Systems AB.
#
#    Output file  =  C:\stm32_proj\Task\Debug\Exe\Task.out
#    Map file     =  C:\stm32_proj\Task\Debug\List\Task.map
#    Command line =  
#        -f C:\Users\lette\AppData\Local\Temp\EW5D9C.tmp
#        (C:\stm32_proj\Task\Debug\Obj\main.o
#        C:\stm32_proj\Task\Debug\Obj\startup_stm32f429xx.o
#        C:\stm32_proj\Task\Debug\Obj\stm32f429i_discovery.o
#        C:\stm32_proj\Task\Debug\Obj\stm32f4xx_hal.o
#        C:\stm32_proj\Task\Debug\Obj\stm32f4xx_hal_cortex.o
#        C:\stm32_proj\Task\Debug\Obj\stm32f4xx_hal_dma.o
#        C:\stm32_proj\Task\Debug\Obj\stm32f4xx_hal_flash.o
#        C:\stm32_proj\Task\Debug\Obj\stm32f4xx_hal_flash_ex.o
#        C:\stm32_proj\Task\Debug\Obj\stm32f4xx_hal_gpio.o
#        C:\stm32_proj\Task\Debug\Obj\stm32f4xx_hal_i2c.o
#        C:\stm32_proj\Task\Debug\Obj\stm32f4xx_hal_i2c_ex.o
#        C:\stm32_proj\Task\Debug\Obj\stm32f4xx_hal_msp.o
#        C:\stm32_proj\Task\Debug\Obj\stm32f4xx_hal_pwr.o
#        C:\stm32_proj\Task\Debug\Obj\stm32f4xx_hal_pwr_ex.o
#        C:\stm32_proj\Task\Debug\Obj\stm32f4xx_hal_rcc.o
#        C:\stm32_proj\Task\Debug\Obj\stm32f4xx_hal_rcc_ex.o
#        C:\stm32_proj\Task\Debug\Obj\stm32f4xx_hal_spi.o
#        C:\stm32_proj\Task\Debug\Obj\stm32f4xx_hal_uart.o
#        C:\stm32_proj\Task\Debug\Obj\stm32f4xx_it.o
#        C:\stm32_proj\Task\Debug\Obj\system_stm32f4xx.o --no_out_extension -o
#        C:\stm32_proj\Task\Debug\Exe\Task.out --redirect
#        _Printf=_PrintfFullNoMb --redirect _Scanf=_ScanfFullNoMb --map
#        C:\stm32_proj\Task\Debug\List\Task.map --config
#        C:\stm32_proj\Task\stm32f429xI.icf --semihosting --entry
#        __iar_program_start "C:\Program Files (x86)\IAR Systems\Embedded
#        Workbench 8.2\arm\CMSIS\Lib\IAR\iar_cortexM4lf_math.a" --vfe
#        --text_out locale)
#
###############################################################################

*******************************************************************************
*** RUNTIME MODEL ATTRIBUTES
***

CppFlavor       = *
__Heap_Handler  = NoFree
__SystemLibrary = DLib
__dlib_version  = 6


*******************************************************************************
*** HEAP SELECTION
***

The no free heap was selected because no calls to memory
deallocation functions were found in the application.


*******************************************************************************
*** PLACEMENT SUMMARY
***

"A0":  place at 0x800'0000 { ro section .intvec };
"P1":  place in [from 0x800'0000 to 0x80f'ffff] { ro };
define block CSTACK with size = 8K, alignment = 8 { };
"P3":  place in [from 0x1000'0000 to 0x1000'ffff] {
          block CSTACK, section .ccram };
define block HEAP with size = 8K, alignment = 8 { };
"P4":  place in [from 0x2000'0000 to 0x2001'bfff] |
                [from 0x2001'c000 to 0x2001'ffff] |
                [from 0x2002'0000 to 0x2002'ffff] { rw, block HEAP };
initialize by copy { rw };

No sections matched the following patterns:

  ro section application_specific_ro  in "P2|P6"
  rw section application_specific_rw  in "P2|P6"
  section .backup_sram                in "P5"
  section .ccram                      in "P3"


  Section            Kind         Address    Size  Object
  -------            ----         -------    ----  ------
"A0":                                       0x1ac
  .intvec            ro code   0x800'0000   0x1ac  startup_stm32f429xx.o [1]
                             - 0x800'01ac   0x1ac

"P1":                                      0x2be0
  .text              ro code   0x800'01ac   0x86c  stm32f4xx_hal_uart.o [1]
  .text              ro code   0x800'0a18   0x170  stm32f4xx_hal_msp.o [1]
  .text              ro code   0x800'0b88   0x4b4  stm32f4xx_hal_dma.o [1]
  .text              ro code   0x800'103c   0x6a4  main.o [1]
  .text              ro code   0x800'16e0     0x2  stm32f4xx_hal_uart.o [1]
  .text              ro code   0x800'16e2     0x2  stm32f4xx_hal_uart.o [1]
  .text              ro code   0x800'16e4   0x224  stm32f4xx_hal_rcc.o [1]
  .text              ro code   0x800'1908   0x290  stm32f4xx_hal_gpio.o [1]
  .text              ro code   0x800'1b98   0x158  stm32f4xx_hal_cortex.o [1]
  .text              ro code   0x800'1cf0     0xc  stm32f4xx_hal.o [1]
  .text              ro code   0x800'1cfc    0x36  stm32f4xx_hal.o [1]
  .text              ro code   0x800'1d32    0x3a  zero_init3.o [4]
  .text              ro code   0x800'1d6c   0x108  stm32f429i_discovery.o [1]
  .text              ro code   0x800'1e74   0x380  stm32f4xx_hal_rcc.o [1]
  .text              ro code   0x800'21f4    0x7c  stm32f4xx_hal_pwr_ex.o [1]
  .text              ro code   0x800'2270    0x28  stm32f4xx_hal.o [1]
  .text              ro code   0x800'2298    0x48  no_free_heap0.o [2]
  .text              ro code   0x800'22e0   0x22c  stm32f4xx_hal_flash.o [1]
  .text              ro code   0x800'250c   0x1c0  stm32f4xx_hal_flash_ex.o [1]
  .text              ro code   0x800'26cc    0x4c  stm32f4xx_hal.o [1]
  .text              ro code   0x800'2718   0x230  I64DivMod.o [4]
  .text              ro code   0x800'2948    0x2c  xgetmemchunk.o [2]
  .text              ro code   0x800'2974     0x2  I64DivZer.o [4]
  .text              ro code   0x800'2978    0x60  system_stm32f4xx.o [1]
  .text              ro code   0x800'29d8    0x40  stm32f4xx_it.o [1]
  .text              ro code   0x800'2a18    0x18  stm32f4xx_hal.o [1]
  .text              ro code   0x800'2a30    0x2c  copy_init3.o [4]
  .text              ro code   0x800'2a5c    0x28  data_init.o [4]
  .text              ro code   0x800'2a84    0x22  fpinit_M.o [3]
  .iar.init_table    const     0x800'2aa8    0x24  - Linker created -
  .text              ro code   0x800'2acc    0x1e  cmain.o [4]
  .text              ro code   0x800'2aea     0x4  low_level_init.o [2]
  .text              ro code   0x800'2aee     0x4  exit.o [2]
  .text              ro code   0x800'2af4     0xa  cexit.o [4]
  .text              ro code   0x800'2b00    0x14  exit.o [5]
  .rodata            const     0x800'2b14    0x14  main.o [1]
  .rodata            const     0x800'2b28    0x14  main.o [1]
  .rodata            const     0x800'2b3c    0x10  main.o [1]
  .rodata            const     0x800'2b4c    0x10  main.o [1]
  .rodata            const     0x800'2b5c    0x10  system_stm32f4xx.o [1]
  .text              ro code   0x800'2b6c    0x10  startup_stm32f429xx.o [1]
  .rodata            const     0x800'2b7c     0xc  main.o [1]
  .rodata            const     0x800'2b88     0xc  main.o [1]
  .rodata            const     0x800'2b94     0xc  main.o [1]
  .rodata            const     0x800'2ba0     0xc  main.o [1]
  .text              ro code   0x800'2bac     0xc  cstartup_M.o [4]
  .rodata            const     0x800'2bb8     0x8  main.o [1]
  .rodata            const     0x800'2bc0     0x8  main.o [1]
  .rodata            const     0x800'2bc8     0x8  main.o [1]
  .rodata            const     0x800'2bd0     0x8  main.o [1]
  .rodata            const     0x800'2bd8     0x8  main.o [1]
  .rodata            const     0x800'2be0     0x8  main.o [1]
  .rodata            const     0x800'2be8     0x8  stm32f4xx_hal_dma.o [1]
  .rodata            const     0x800'2bf0     0x8  system_stm32f4xx.o [1]
  .rodata            const     0x800'2bf8     0x4  stm32f429i_discovery.o [1]
  .text              ro code   0x800'2bfc     0x4  startup_stm32f429xx.o [1]
  .text              ro code   0x800'2c00     0x4  startup_stm32f429xx.o [1]
  .text              ro code   0x800'2c04     0x4  startup_stm32f429xx.o [1]
  .text              ro code   0x800'2c08     0x4  startup_stm32f429xx.o [1]
  .text              ro code   0x800'2c0c     0x4  startup_stm32f429xx.o [1]
  .text              ro code   0x800'2c10     0x4  startup_stm32f429xx.o [1]
  .text              ro code   0x800'2c14     0x4  startup_stm32f429xx.o [1]
  .text              ro code   0x800'2c18     0x4  startup_stm32f429xx.o [1]
  .text              ro code   0x800'2c1c     0x4  startup_stm32f429xx.o [1]
  .text              ro code   0x800'2c20     0x4  startup_stm32f429xx.o [1]
  .text              ro code   0x800'2c24     0x4  startup_stm32f429xx.o [1]
  .text              ro code   0x800'2c28     0x4  startup_stm32f429xx.o [1]
  .text              ro code   0x800'2c2c     0x4  startup_stm32f429xx.o [1]
  .text              ro code   0x800'2c30     0x4  startup_stm32f429xx.o [1]
  .text              ro code   0x800'2c34     0x4  startup_stm32f429xx.o [1]
  .text              ro code   0x800'2c38     0x4  startup_stm32f429xx.o [1]
  .text              ro code   0x800'2c3c     0x4  startup_stm32f429xx.o [1]
  .text              ro code   0x800'2c40     0x4  startup_stm32f429xx.o [1]
  .text              ro code   0x800'2c44     0x4  startup_stm32f429xx.o [1]
  .text              ro code   0x800'2c48     0x4  startup_stm32f429xx.o [1]
  .text              ro code   0x800'2c4c     0x4  startup_stm32f429xx.o [1]
  .text              ro code   0x800'2c50     0x4  startup_stm32f429xx.o [1]
  .text              ro code   0x800'2c54     0x4  startup_stm32f429xx.o [1]
  .text              ro code   0x800'2c58     0x4  startup_stm32f429xx.o [1]
  .text              ro code   0x800'2c5c     0x4  startup_stm32f429xx.o [1]
  .text              ro code   0x800'2c60     0x4  startup_stm32f429xx.o [1]
  .text              ro code   0x800'2c64     0x4  startup_stm32f429xx.o [1]
  .text              ro code   0x800'2c68     0x4  startup_stm32f429xx.o [1]
  .text              ro code   0x800'2c6c     0x4  startup_stm32f429xx.o [1]
  .text              ro code   0x800'2c70     0x4  startup_stm32f429xx.o [1]
  .text              ro code   0x800'2c74     0x4  startup_stm32f429xx.o [1]
  .text              ro code   0x800'2c78     0x4  startup_stm32f429xx.o [1]
  .text              ro code   0x800'2c7c     0x4  startup_stm32f429xx.o [1]
  .text              ro code   0x800'2c80     0x4  startup_stm32f429xx.o [1]
  .text              ro code   0x800'2c84     0x4  startup_stm32f429xx.o [1]
  .text              ro code   0x800'2c88     0x4  startup_stm32f429xx.o [1]
  .text              ro code   0x800'2c8c     0x4  startup_stm32f429xx.o [1]
  .text              ro code   0x800'2c90     0x4  startup_stm32f429xx.o [1]
  .text              ro code   0x800'2c94     0x4  startup_stm32f429xx.o [1]
  .text              ro code   0x800'2c98     0x4  startup_stm32f429xx.o [1]
  .text              ro code   0x800'2c9c     0x4  startup_stm32f429xx.o [1]
  .text              ro code   0x800'2ca0     0x4  startup_stm32f429xx.o [1]
  .text              ro code   0x800'2ca4     0x4  startup_stm32f429xx.o [1]
  .text              ro code   0x800'2ca8     0x4  startup_stm32f429xx.o [1]
  .text              ro code   0x800'2cac     0x4  startup_stm32f429xx.o [1]
  .text              ro code   0x800'2cb0     0x4  startup_stm32f429xx.o [1]
  .text              ro code   0x800'2cb4     0x4  startup_stm32f429xx.o [1]
  .text              ro code   0x800'2cb8     0x4  startup_stm32f429xx.o [1]
  .text              ro code   0x800'2cbc     0x4  startup_stm32f429xx.o [1]
  .text              ro code   0x800'2cc0     0x4  startup_stm32f429xx.o [1]
  .text              ro code   0x800'2cc4     0x4  startup_stm32f429xx.o [1]
  .text              ro code   0x800'2cc8     0x4  startup_stm32f429xx.o [1]
  .text              ro code   0x800'2ccc     0x4  startup_stm32f429xx.o [1]
  .text              ro code   0x800'2cd0     0x4  startup_stm32f429xx.o [1]
  .text              ro code   0x800'2cd4     0x4  startup_stm32f429xx.o [1]
  .text              ro code   0x800'2cd8     0x4  startup_stm32f429xx.o [1]
  .text              ro code   0x800'2cdc     0x4  startup_stm32f429xx.o [1]
  .text              ro code   0x800'2ce0     0x4  startup_stm32f429xx.o [1]
  .text              ro code   0x800'2ce4     0x4  startup_stm32f429xx.o [1]
  .text              ro code   0x800'2ce8     0x4  startup_stm32f429xx.o [1]
  .text              ro code   0x800'2cec     0x4  startup_stm32f429xx.o [1]
  .text              ro code   0x800'2cf0     0x4  startup_stm32f429xx.o [1]
  .text              ro code   0x800'2cf4     0x4  startup_stm32f429xx.o [1]
  .text              ro code   0x800'2cf8     0x4  startup_stm32f429xx.o [1]
  .text              ro code   0x800'2cfc     0x4  startup_stm32f429xx.o [1]
  .text              ro code   0x800'2d00     0x4  startup_stm32f429xx.o [1]
  .text              ro code   0x800'2d04     0x4  startup_stm32f429xx.o [1]
  .text              ro code   0x800'2d08     0x4  startup_stm32f429xx.o [1]
  .text              ro code   0x800'2d0c     0x4  startup_stm32f429xx.o [1]
  .text              ro code   0x800'2d10     0x4  startup_stm32f429xx.o [1]
  .text              ro code   0x800'2d14     0x4  startup_stm32f429xx.o [1]
  .text              ro code   0x800'2d18     0x4  startup_stm32f429xx.o [1]
  .text              ro code   0x800'2d1c     0x4  startup_stm32f429xx.o [1]
  .text              ro code   0x800'2d20     0x4  startup_stm32f429xx.o [1]
  .text              ro code   0x800'2d24     0x4  startup_stm32f429xx.o [1]
  .text              ro code   0x800'2d28     0x4  startup_stm32f429xx.o [1]
  .text              ro code   0x800'2d2c     0x4  startup_stm32f429xx.o [1]
  .text              ro code   0x800'2d30     0x4  startup_stm32f429xx.o [1]
  .text              ro code   0x800'2d34     0x4  startup_stm32f429xx.o [1]
  .text              ro code   0x800'2d38     0x4  startup_stm32f429xx.o [1]
  .text              ro code   0x800'2d3c     0x4  startup_stm32f429xx.o [1]
  .text              ro code   0x800'2d40     0x4  startup_stm32f429xx.o [1]
  .text              ro code   0x800'2d44     0x4  startup_stm32f429xx.o [1]
  .text              ro code   0x800'2d48     0x4  startup_stm32f429xx.o [1]
  .text              ro code   0x800'2d4c     0x4  startup_stm32f429xx.o [1]
  .text              ro code   0x800'2d50     0x4  startup_stm32f429xx.o [1]
  .text              ro code   0x800'2d54     0x4  startup_stm32f429xx.o [1]
  .rodata            const     0x800'2d58     0x0  zero_init3.o [4]
  .rodata            const     0x800'2d58     0x0  copy_init3.o [4]
  Initializer bytes  const     0x800'2d58    0x34  <for P4 s0>
                             - 0x800'2d8c  0x2be0

"P3":                                      0x2000
  CSTACK                      0x1000'0000  0x2000  <Block>
    CSTACK           uninit   0x1000'0000  0x2000  <Block tail>
                            - 0x1000'2000  0x2000

"P4", part 1 of 3:                           0x34
  P4 s0                       0x2000'0000    0x34  <Init block>
    .data            inited   0x2000'0000    0x20  main.o [1]
    .data            inited   0x2000'0020     0x8  stm32f429i_discovery.o [1]
    .data            inited   0x2000'0028     0x4  stm32f4xx_hal.o [1]
    .data            inited   0x2000'002c     0x4  system_stm32f4xx.o [1]
    .data            inited   0x2000'0030     0x1  stm32f4xx_hal.o [1]
                            - 0x2000'0034    0x34

"P4", part 2 of 3:                          0x220
  .bss               zero     0x2000'0034    0x60  stm32f4xx_hal_msp.o [1]
  .bss               zero     0x2000'0094    0x60  stm32f4xx_hal_msp.o [1]
  .bss               zero     0x2000'00f4    0x40  main.o [1]
  .bss               zero     0x2000'0134    0x40  main.o [1]
  .bss               zero     0x2000'0174    0x40  main.o [1]
  .bss               zero     0x2000'01b4    0x20  main.o [1]
  .bss               zero     0x2000'01d4    0x20  main.o [1]
  .bss               zero     0x2000'01f4    0x20  stm32f4xx_hal_flash.o [1]
  .bss               zero     0x2000'0214    0x18  main.o [1]
  .bss               zero     0x2000'022c    0x14  main.o [1]
  .bss               zero     0x2000'0240     0x4  main.o [1]
  .bss               zero     0x2000'0244     0x4  stm32f4xx_hal.o [1]
  .bss               zero     0x2000'0248     0x4  no_free_heap0.o [2]
  .bss               zero     0x2000'024c     0x4  xgetmemchunk.o [2]
  .bss               zero     0x2000'0250     0x1  main.o [1]
  .bss               zero     0x2000'0251     0x1  main.o [1]
                            - 0x2000'0252   0x21e

"P4", part 3 of 3:                         0x2000
  HEAP                        0x2000'0258  0x2000  <Block>
    HEAP             uninit   0x2000'0258  0x2000  <Block tail>
                            - 0x2000'2258  0x2000

Unused ranges:

         From           To      Size
         ----           --      ----
   0x800'2d8c   0x80f'ffff  0xf'd274
  0x1000'2000  0x1000'ffff    0xe000
  0x2000'0254  0x2000'0257       0x4
  0x2000'2258  0x2001'bfff  0x1'9da8
  0x2001'c000  0x2001'ffff    0x4000
  0x2002'0000  0x2002'ffff  0x1'0000


*******************************************************************************
*** INIT TABLE
***

          Address      Size
          -------      ----
Zero (__iar_zero_init3)
    1 destination range, total size 0x21e:
          0x2000'0034  0x21e

Copy (__iar_copy_init3)
    1 source range, total size 0x34 (106% of destination):
           0x800'2d58   0x34
    1 destination range, total size 0x31:
          0x2000'0000   0x31



*******************************************************************************
*** MODULE SUMMARY
***

    Module                    ro code  ro data  rw data
    ------                    -------  -------  -------
command line/config:
    ---------------------------------------------------
    Total:

C:\stm32_proj\Task\Debug\Obj: [1]
    main.o                      1 700      200      338
    startup_stm32f429xx.o         792
    stm32f429i_discovery.o        264       12        8
    stm32f4xx_hal.o               206        5        9
    stm32f4xx_hal_cortex.o        344
    stm32f4xx_hal_dma.o         1 204        8
    stm32f4xx_hal_flash.o         556                32
    stm32f4xx_hal_flash_ex.o      448
    stm32f4xx_hal_gpio.o          656
    stm32f4xx_hal_msp.o           368               192
    stm32f4xx_hal_pwr_ex.o        124
    stm32f4xx_hal_rcc.o         1 444
    stm32f4xx_hal_uart.o        2 160
    stm32f4xx_it.o                 64
    system_stm32f4xx.o             96       28        4
    ---------------------------------------------------
    Total:                     10 426      253      583

dl7M_tlf.a: [2]
    exit.o                          4
    low_level_init.o                4
    no_free_heap0.o                72                 4
    xgetmemchunk.o                 44                 4
    ---------------------------------------------------
    Total:                        124                 8

m7M_tls.a: [3]
    fpinit_M.o                     34
    ---------------------------------------------------
    Total:                         34

rt7M_tl.a: [4]
    I64DivMod.o                   560
    I64DivZer.o                     2
    cexit.o                        10
    cmain.o                        30
    copy_init3.o                   44
    cstartup_M.o                   12
    data_init.o                    40
    zero_init3.o                   58
    ---------------------------------------------------
    Total:                        756

shb_l.a: [5]
    exit.o                         20
    ---------------------------------------------------
    Total:                         20

    Gaps                            6        2
    Linker created                          39   16 384
-------------------------------------------------------
    Grand Total:               11 366      294   16 975


*******************************************************************************
*** ENTRY LIST
***

Entry                       Address   Size  Type      Object
-----                       -------   ----  ----      ------
.iar.init_table$$Base    0x800'2aa8          --   Gb  - Linker created -
.iar.init_table$$Limit   0x800'2acc          --   Gb  - Linker created -
?main                    0x800'2acd         Code  Gb  cmain.o [4]
AHBPrescTable            0x800'2b5c   0x10  Data  Gb  system_stm32f4xx.o [1]
APBPrescTable            0x800'2bf0    0x8  Data  Gb  system_stm32f4xx.o [1]
BSP_LED_Init             0x800'1d6d   0x92  Code  Gb  stm32f429i_discovery.o [1]
BSP_LED_Off              0x800'1e23   0x24  Code  Gb  stm32f429i_discovery.o [1]
BSP_LED_On               0x800'1dff   0x24  Code  Gb  stm32f429i_discovery.o [1]
BSP_LED_Toggle           0x800'1e47   0x22  Code  Gb  stm32f429i_discovery.o [1]
Buffercmp                0x800'11ab   0x28  Code  Lc  main.o [1]
BusFault_Handler         0x800'29df    0x2  Code  Gb  stm32f4xx_it.o [1]
CSTACK$$Base            0x1000'0000          --   Gb  - Linker created -
CSTACK$$Limit           0x1000'2000          --   Gb  - Linker created -
DMA2_Stream5_IRQHandler
                         0x800'29f1    0xc  Code  Gb  stm32f4xx_it.o [1]
DMA2_Stream7_IRQHandler
                         0x800'29fd    0xc  Code  Gb  stm32f4xx_it.o [1]
DMA_CalcBaseAndBitshift
                         0x800'0f61   0x30  Code  Lc  stm32f4xx_hal_dma.o [1]
DMA_CalcBaseAndBitshift::flagBitshiftOffset
                         0x800'2be8    0x8  Data  Lc  stm32f4xx_hal_dma.o [1]
DMA_CheckFifoParam       0x800'0fa1   0x9c  Code  Lc  stm32f4xx_hal_dma.o [1]
DMA_SetConfig            0x800'0f33   0x2e  Code  Lc  stm32f4xx_hal_dma.o [1]
DebugMon_Handler         0x800'29e5    0x2  Code  Gb  stm32f4xx_it.o [1]
EraseInitStruct         0x2000'022c   0x14  Data  Gb  main.o [1]
Error_Handler            0x800'11d3   0x10  Code  Lc  main.o [1]
FLASH_Erase_Sector       0x800'2605   0x68  Code  Gb  stm32f4xx_hal_flash_ex.o [1]
FLASH_FlushCaches        0x800'266d   0x50  Code  Gb  stm32f4xx_hal_flash_ex.o [1]
FLASH_MassErase          0x800'25bb   0x4a  Code  Lc  stm32f4xx_hal_flash_ex.o [1]
FLASH_Program_Byte       0x800'245d   0x1a  Code  Lc  stm32f4xx_hal_flash.o [1]
FLASH_Program_DoubleWord
                         0x800'23fb   0x26  Code  Lc  stm32f4xx_hal_flash.o [1]
FLASH_Program_HalfWord   0x800'243f   0x1e  Code  Lc  stm32f4xx_hal_flash.o [1]
FLASH_Program_Word       0x800'2421   0x1e  Code  Lc  stm32f4xx_hal_flash.o [1]
FLASH_SetErrorCode       0x800'2477   0x7e  Code  Lc  stm32f4xx_hal_flash.o [1]
FLASH_WaitForLastOperation
                         0x800'23ab   0x50  Code  Gb  stm32f4xx_hal_flash.o [1]
FL_ProcessTypeDef       0x2000'01b4   0x20  Data  Gb  main.o [1]
GPIO_PIN                 0x800'2bf8    0x4  Data  Gb  stm32f429i_discovery.o [1]
GPIO_PORT               0x2000'0020    0x8  Data  Gb  stm32f429i_discovery.o [1]
HAL_DMA_Abort_IT         0x800'0d03   0x28  Code  Gb  stm32f4xx_hal_dma.o [1]
HAL_DMA_IRQHandler       0x800'0d2b  0x208  Code  Gb  stm32f4xx_hal_dma.o [1]
HAL_DMA_Init             0x800'0b89   0xe2  Code  Gb  stm32f4xx_hal_dma.o [1]
HAL_DMA_Start_IT         0x800'0c6b   0x98  Code  Gb  stm32f4xx_hal_dma.o [1]
HAL_Delay                0x800'2271   0x28  Code  Wk  stm32f4xx_hal.o [1]
HAL_FLASHEx_Erase        0x800'250d   0xae  Code  Gb  stm32f4xx_hal_flash_ex.o [1]
HAL_FLASH_GetError       0x800'23a5    0x6  Code  Gb  stm32f4xx_hal_flash.o [1]
HAL_FLASH_Lock           0x800'2397    0xe  Code  Gb  stm32f4xx_hal_flash.o [1]
HAL_FLASH_Program        0x800'22e1   0x94  Code  Gb  stm32f4xx_hal_flash.o [1]
HAL_FLASH_Unlock         0x800'2375   0x22  Code  Gb  stm32f4xx_hal_flash.o [1]
HAL_GPIO_Init            0x800'1909  0x22a  Code  Gb  stm32f4xx_hal_gpio.o [1]
HAL_GPIO_TogglePin       0x800'1b4d    0xc  Code  Gb  stm32f4xx_hal_gpio.o [1]
HAL_GPIO_WritePin        0x800'1b33   0x1a  Code  Gb  stm32f4xx_hal_gpio.o [1]
HAL_GetTick              0x800'1cf1    0xc  Code  Wk  stm32f4xx_hal.o [1]
HAL_IncTick              0x800'2a19   0x18  Code  Wk  stm32f4xx_hal.o [1]
HAL_Init                 0x800'1cfd   0x30  Code  Gb  stm32f4xx_hal.o [1]
HAL_InitTick             0x800'26cd   0x4c  Code  Wk  stm32f4xx_hal.o [1]
HAL_NVIC_EnableIRQ       0x800'1cb7    0xe  Code  Gb  stm32f4xx_hal_cortex.o [1]
HAL_NVIC_SetPriority     0x800'1c8d   0x2a  Code  Gb  stm32f4xx_hal_cortex.o [1]
HAL_NVIC_SetPriorityGrouping
                         0x800'1c81    0xc  Code  Gb  stm32f4xx_hal_cortex.o [1]
HAL_PWREx_EnableOverDrive
                         0x800'21f5   0x6a  Code  Gb  stm32f4xx_hal_pwr_ex.o [1]
HAL_RCC_ClockConfig      0x800'16e5  0x13e  Code  Gb  stm32f4xx_hal_rcc.o [1]
HAL_RCC_GetHCLKFreq      0x800'1823    0x6  Code  Gb  stm32f4xx_hal_rcc.o [1]
HAL_RCC_GetPCLK1Freq     0x800'1829   0x16  Code  Gb  stm32f4xx_hal_rcc.o [1]
HAL_RCC_GetPCLK2Freq     0x800'183f   0x16  Code  Gb  stm32f4xx_hal_rcc.o [1]
HAL_RCC_OscConfig        0x800'1e75  0x380  Code  Wk  stm32f4xx_hal_rcc.o [1]
HAL_SYSTICK_Config       0x800'1cc5    0xc  Code  Gb  stm32f4xx_hal_cortex.o [1]
HAL_UART_ErrorCallback   0x800'119f    0xc  Code  Gb  main.o [1]
HAL_UART_IRQHandler      0x800'036f  0x14a  Code  Gb  stm32f4xx_hal_uart.o [1]
HAL_UART_Init            0x800'01ad   0x76  Code  Gb  stm32f4xx_hal_uart.o [1]
HAL_UART_MspInit         0x800'0a19  0x152  Code  Gb  stm32f4xx_hal_msp.o [1]
HAL_UART_MspInit::hdma_rx
                        0x2000'0094   0x60  Data  Lc  stm32f4xx_hal_msp.o [1]
HAL_UART_MspInit::hdma_tx
                        0x2000'0034   0x60  Data  Lc  stm32f4xx_hal_msp.o [1]
HAL_UART_Receive_DMA     0x800'02b9   0xb6  Code  Gb  stm32f4xx_hal_uart.o [1]
HAL_UART_RxCpltCallback
                         0x800'118b   0x14  Code  Gb  main.o [1]
HAL_UART_Transmit_DMA    0x800'0223   0x96  Code  Gb  stm32f4xx_hal_uart.o [1]
HAL_UART_TxCpltCallback
                         0x800'1177   0x14  Code  Gb  main.o [1]
HEAP$$Base              0x2000'0258          --   Gb  - Linker created -
HEAP$$Limit             0x2000'2258          --   Gb  - Linker created -
HardFault_Handler        0x800'29db    0x2  Code  Gb  stm32f4xx_it.o [1]
MemManage_Handler        0x800'29dd    0x2  Code  Gb  stm32f4xx_it.o [1]
NMI_Handler              0x800'29d9    0x2  Code  Gb  stm32f4xx_it.o [1]
NVIC_EncodePriority      0x800'1c11   0x40  Code  Lc  stm32f4xx_hal_cortex.o [1]
PendSV_Handler           0x800'29e7    0x2  Code  Gb  stm32f4xx_it.o [1]
Region$$Table$$Base      0x800'2aa8          --   Gb  - Linker created -
Region$$Table$$Limit     0x800'2acc          --   Gb  - Linker created -
SVC_Handler              0x800'29e3    0x2  Code  Gb  stm32f4xx_it.o [1]
SectorError             0x2000'0240    0x4  Data  Gb  main.o [1]
SysTick_Config           0x800'1c51   0x30  Code  Lc  stm32f4xx_hal_cortex.o [1]
SysTick_Handler          0x800'29e9    0x8  Code  Gb  stm32f4xx_it.o [1]
SystemClock_Config       0x800'10db   0x9c  Code  Lc  main.o [1]
SystemCoreClock         0x2000'002c    0x4  Data  Gb  system_stm32f4xx.o [1]
SystemInit               0x800'2979   0x40  Code  Gb  system_stm32f4xx.o [1]
UART_DMAAbortOnError     0x800'05e1   0x16  Code  Lc  stm32f4xx_hal_uart.o [1]
UART_DMAError            0x800'0551   0x58  Code  Lc  stm32f4xx_hal_uart.o [1]
UART_DMAReceiveCplt      0x800'04fd   0x44  Code  Lc  stm32f4xx_hal_uart.o [1]
UART_DMARxHalfCplt       0x800'0541    0xe  Code  Lc  stm32f4xx_hal_uart.o [1]
UART_DMATransmitCplt     0x800'04b9   0x34  Code  Lc  stm32f4xx_hal_uart.o [1]
UART_DMATxHalfCplt       0x800'04ed    0xe  Code  Lc  stm32f4xx_hal_uart.o [1]
UART_EndRxTransfer       0x800'05bd   0x20  Code  Lc  stm32f4xx_hal_uart.o [1]
UART_EndTransmit_IT      0x800'0667   0x20  Code  Lc  stm32f4xx_hal_uart.o [1]
UART_EndTxTransfer       0x800'05a9   0x14  Code  Lc  stm32f4xx_hal_uart.o [1]
UART_Receive_IT          0x800'0687   0xa2  Code  Lc  stm32f4xx_hal_uart.o [1]
UART_SetConfig           0x800'0729  0x2e4  Code  Lc  stm32f4xx_hal_uart.o [1]
UART_Transmit_IT         0x800'05f9   0x6e  Code  Lc  stm32f4xx_hal_uart.o [1]
USART1_IRQHandler        0x800'2a09    0xa  Code  Gb  stm32f4xx_it.o [1]
UartHandle              0x2000'00f4   0x40  Data  Gb  main.o [1]
UartReady               0x2000'0251    0x1  Data  Gb  main.o [1]
UsageFault_Handler       0x800'29e1    0x2  Code  Gb  stm32f4xx_it.o [1]
__NVIC_EnableIRQ         0x800'1bc7   0x1e  Code  Lc  stm32f4xx_hal_cortex.o [1]
__NVIC_GetPriorityGrouping
                         0x800'1bbb    0xc  Code  Lc  stm32f4xx_hal_cortex.o [1]
__NVIC_SetPriority       0x800'1be5   0x2c  Code  Lc  stm32f4xx_hal_cortex.o [1]
__NVIC_SetPriorityGrouping
                         0x800'1b99   0x22  Code  Lc  stm32f4xx_hal_cortex.o [1]
__aeabi_ldiv0            0x800'2975         Code  Gb  I64DivZer.o [4]
__aeabi_uldivmod         0x800'2719         Code  Gb  I64DivMod.o [4]
__cmain                  0x800'2acd         Code  Gb  cmain.o [4]
__data_GetMemChunk       0x800'2949   0x2c  Code  Gb  xgetmemchunk.o [2]
__data_GetMemChunk::start
                        0x2000'024c    0x4  Data  Lc  xgetmemchunk.o [2]
__exit                   0x800'2b01   0x14  Code  Gb  exit.o [5]
__iar_copy_init3         0x800'2a31   0x2c  Code  Gb  copy_init3.o [4]
__iar_data_init3         0x800'2a5d   0x28  Code  Gb  data_init.o [4]
__iar_init_vfp           0x800'2a85         Code  Gb  fpinit_M.o [3]
__iar_program_start      0x800'2bad         Code  Gb  cstartup_M.o [4]
__iar_zero_init3         0x800'1d33   0x3a  Code  Gb  zero_init3.o [4]
__low_level_init         0x800'2aeb    0x4  Code  Gb  low_level_init.o [2]
__no_free_malloc         0x800'2299   0x44  Code  Gb  no_free_heap0.o [2]
__vector_table           0x800'0000         Data  Gb  startup_stm32f429xx.o [1]
_call_main               0x800'2ad9         Code  Gb  cmain.o [4]
_exit                    0x800'2af5         Code  Gb  cexit.o [4]
_main                    0x800'2ae7         Code  Gb  cmain.o [4]
aRxBuffer               0x2000'0174   0x40  Data  Gb  main.o [1]
aTxBuffer               0x2000'0134   0x40  Data  Gb  main.o [1]
clear_buff               0x800'130d   0x1c  Code  Lc  main.o [1]
comm_est                 0x800'13d1   0x70  Code  Lc  main.o [1]
detect_char              0x800'1329   0x6e  Code  Gb  main.o [1]
erase_bank               0x800'1591   0x58  Code  Lc  main.o [1]
erase_sectors            0x800'15e9   0x42  Code  Lc  main.o [1]
exec_command             0x800'1441  0x150  Code  Gb  main.o [1]
exit                     0x800'2aef    0x4  Code  Gb  exit.o [2]
flash_read               0x800'162b    0x4  Code  Gb  main.o [1]
flash_write              0x800'162f   0x4a  Code  Lc  main.o [1]
main                     0x800'103d   0x9e  Code  Gb  main.o [1]
pFlash                  0x2000'01f4   0x20  Data  Gb  stm32f4xx_hal_flash.o [1]
prev_stage              0x2000'0250    0x1  Data  Gb  main.o [1]
qs                      0x2000'0248    0x4  Data  Lc  no_free_heap0.o [2]
read_cmd                 0x800'1215   0x84  Code  Lc  main.o [1]
read_param               0x800'1299   0x74  Code  Gb  main.o [1]
snd_msg                 0x2000'0000   0x20  Data  Gb  main.o [1]
trans_msg                0x800'1397   0x3a  Code  Lc  main.o [1]
uData                   0x2000'0214   0x18  Data  Gb  main.o [1]
uFLASH_ProcessTypeDefStruct
                        0x2000'01d4   0x20  Data  Gb  main.o [1]
uart_receive_MSG         0x800'11e3   0x32  Code  Lc  main.o [1]
uwTick                  0x2000'0244    0x4  Data  Gb  stm32f4xx_hal.o [1]
uwTickFreq              0x2000'0030    0x1  Data  Gb  stm32f4xx_hal.o [1]
uwTickPrio              0x2000'0028    0x4  Data  Gb  stm32f4xx_hal.o [1]


[1] = C:\stm32_proj\Task\Debug\Obj
[2] = dl7M_tlf.a
[3] = m7M_tls.a
[4] = rt7M_tl.a
[5] = shb_l.a

  11 366 bytes of readonly  code memory
     294 bytes of readonly  data memory
  16 975 bytes of readwrite data memory

Errors: none
Warnings: none
